Component: ARM Compiler 5.06 update 4 (build 422) Tool: armlink [4d35d2]

==============================================================================

Section Cross References

    startup_stm32f207xx.o(RESET) refers to startup_stm32f207xx.o(STACK) for __initial_sp
    startup_stm32f207xx.o(RESET) refers to startup_stm32f207xx.o(.text) for Reset_Handler
    startup_stm32f207xx.o(RESET) refers to stm32f2xx_it.o(i.NMI_Handler) for NMI_Handler
    startup_stm32f207xx.o(RESET) refers to stm32f2xx_it.o(i.HardFault_Handler) for HardFault_Handler
    startup_stm32f207xx.o(RESET) refers to stm32f2xx_it.o(i.MemManage_Handler) for MemManage_Handler
    startup_stm32f207xx.o(RESET) refers to stm32f2xx_it.o(i.BusFault_Handler) for BusFault_Handler
    startup_stm32f207xx.o(RESET) refers to stm32f2xx_it.o(i.UsageFault_Handler) for UsageFault_Handler
    startup_stm32f207xx.o(RESET) refers to stm32f2xx_it.o(i.SVC_Handler) for SVC_Handler
    startup_stm32f207xx.o(RESET) refers to stm32f2xx_it.o(i.DebugMon_Handler) for DebugMon_Handler
    startup_stm32f207xx.o(RESET) refers to stm32f2xx_it.o(i.PendSV_Handler) for PendSV_Handler
    startup_stm32f207xx.o(RESET) refers to stm32f2xx_it.o(i.SysTick_Handler) for SysTick_Handler
    startup_stm32f207xx.o(RESET) refers to stm32f2xx_it.o(i.USART3_IRQHandler) for USART3_IRQHandler
    startup_stm32f207xx.o(.text) refers to system_stm32f2xx.o(i.SystemInit) for SystemInit
    startup_stm32f207xx.o(.text) refers to entry.o(.ARM.Collect$$$$00000000) for __main
    tcpserver.o(i.tcp_server_accept) refers to tcp.o(i.tcp_setprio) for tcp_setprio
    tcpserver.o(i.tcp_server_accept) refers to mem.o(i.mem_malloc) for mem_malloc
    tcpserver.o(i.tcp_server_accept) refers to tcp.o(i.tcp_arg) for tcp_arg
    tcpserver.o(i.tcp_server_accept) refers to tcp.o(i.tcp_recv) for tcp_recv
    tcpserver.o(i.tcp_server_accept) refers to tcp.o(i.tcp_err) for tcp_err
    tcpserver.o(i.tcp_server_accept) refers to tcp.o(i.tcp_poll) for tcp_poll
    tcpserver.o(i.tcp_server_accept) refers to tcpserver.o(i.tcp_server_connection_close) for tcp_server_connection_close
    tcpserver.o(i.tcp_server_accept) refers to tcpserver.o(i.tcp_server_recv) for tcp_server_recv
    tcpserver.o(i.tcp_server_accept) refers to tcpserver.o(i.tcp_server_error) for tcp_server_error
    tcpserver.o(i.tcp_server_accept) refers to tcpserver.o(i.tcp_server_poll) for tcp_server_poll
    tcpserver.o(i.tcp_server_connection_close) refers to tcp.o(i.tcp_arg) for tcp_arg
    tcpserver.o(i.tcp_server_connection_close) refers to tcp.o(i.tcp_sent) for tcp_sent
    tcpserver.o(i.tcp_server_connection_close) refers to tcp.o(i.tcp_recv) for tcp_recv
    tcpserver.o(i.tcp_server_connection_close) refers to tcp.o(i.tcp_err) for tcp_err
    tcpserver.o(i.tcp_server_connection_close) refers to tcp.o(i.tcp_poll) for tcp_poll
    tcpserver.o(i.tcp_server_connection_close) refers to mem.o(i.mem_free) for mem_free
    tcpserver.o(i.tcp_server_connection_close) refers to tcp.o(i.tcp_close) for tcp_close
    tcpserver.o(i.tcp_server_error) refers to mem.o(i.mem_free) for mem_free
    tcpserver.o(i.tcp_server_init) refers to tcp.o(i.tcp_new) for tcp_new
    tcpserver.o(i.tcp_server_init) refers to tcp.o(i.tcp_bind) for tcp_bind
    tcpserver.o(i.tcp_server_init) refers to memp.o(i.memp_free) for memp_free
    tcpserver.o(i.tcp_server_init) refers to tcp.o(i.tcp_listen_with_backlog) for tcp_listen_with_backlog
    tcpserver.o(i.tcp_server_init) refers to tcp.o(i.tcp_accept) for tcp_accept
    tcpserver.o(i.tcp_server_init) refers to tcpserver.o(.data) for .data
    tcpserver.o(i.tcp_server_init) refers to ip4_addr.o(.constdata) for ip_addr_any
    tcpserver.o(i.tcp_server_init) refers to tcpserver.o(i.tcp_server_accept) for tcp_server_accept
    tcpserver.o(i.tcp_server_poll) refers to tcp.o(i.tcp_sent) for tcp_sent
    tcpserver.o(i.tcp_server_poll) refers to tcpserver.o(i.tcp_server_send) for tcp_server_send
    tcpserver.o(i.tcp_server_poll) refers to tcpserver.o(i.tcp_server_connection_close) for tcp_server_connection_close
    tcpserver.o(i.tcp_server_poll) refers to tcp.o(i.tcp_abort) for tcp_abort
    tcpserver.o(i.tcp_server_poll) refers to tcpserver.o(i.tcp_server_sent) for tcp_server_sent
    tcpserver.o(i.tcp_server_recv) refers to printf3.o(i.__0printf$3) for __2printf
    tcpserver.o(i.tcp_server_recv) refers to pbuf.o(i.pbuf_free) for pbuf_free
    tcpserver.o(i.tcp_server_recv) refers to tcp.o(i.tcp_recved) for tcp_recved
    tcpserver.o(i.tcp_server_recv) refers to tcp.o(i.tcp_sent) for tcp_sent
    tcpserver.o(i.tcp_server_recv) refers to tcpserver.o(i.tcp_server_send) for tcp_server_send
    tcpserver.o(i.tcp_server_recv) refers to tcpserver.o(i.tcp_server_connection_close) for tcp_server_connection_close
    tcpserver.o(i.tcp_server_recv) refers to pbuf.o(i.pbuf_chain) for pbuf_chain
    tcpserver.o(i.tcp_server_recv) refers to tcpserver.o(i.tcp_server_sent) for tcp_server_sent
[...]
    i.tcp_input                              0x080068d8   Section        0  tcp_in.o(i.tcp_input)
    i.tcp_input_delayed_close                0x08006ea8   Section        0  tcp_in.o(i.tcp_input_delayed_close)
    tcp_input_delayed_close                  0x08006ea9   Thumb Code    56  tcp_in.o(i.tcp_input_delayed_close)
    i.tcp_keepalive                          0x08006ee8   Section        0  tcp_out.o(i.tcp_keepalive)
    i.tcp_kill_state                         0x08006f3c   Section        0  tcp.o(i.tcp_kill_state)
    tcp_kill_state                           0x08006f3d   Thumb Code    78  tcp.o(i.tcp_kill_state)
    i.tcp_listen_closed                      0x08006ff8   Section        0  tcp.o(i.tcp_listen_closed)
    tcp_listen_closed                        0x08006ff9   Thumb Code    74  tcp.o(i.tcp_listen_closed)
    i.tcp_listen_input                       0x080070c4   Section        0  tcp_in.o(i.tcp_listen_input)
    tcp_listen_input                         0x080070c5   Thumb Code   226  tcp_in.o(i.tcp_listen_input)
    i.tcp_listen_with_backlog                0x080071b8   Section        0  tcp.o(i.tcp_listen_with_backlog)
    i.tcp_listen_with_backlog_and_err        0x080071c0   Section        0  tcp.o(i.tcp_listen_with_backlog_and_err)
    i.tcp_netif_ip_addr_changed              0x080072e4   Section        0  tcp.o(i.tcp_netif_ip_addr_changed)
    i.tcp_netif_ip_addr_changed_pcblist      0x08007330   Section        0  tcp.o(i.tcp_netif_ip_addr_changed_pcblist)
    tcp_netif_ip_addr_changed_pcblist        0x08007331   Thumb Code    34  tcp.o(i.tcp_netif_ip_addr_changed_pcblist)
    i.tcp_new                                0x08007352   Section        0  tcp.o(i.tcp_new)
    i.tcp_new_port                           0x08007358   Section        0  tcp.o(i.tcp_new_port)
    tcp_new_port                             0x08007359   Thumb Code    82  tcp.o(i.tcp_new_port)
    i.tcp_next_iss                           0x080073b4   Section        0  tcp.o(i.tcp_next_iss)
    i.tcp_oos_insert_segment                 0x080073c4   Section        0  tcp_in.o(i.tcp_oos_insert_segment)
    tcp_oos_insert_segment                   0x080073c5   Thumb Code   114  tcp_in.o(i.tcp_oos_insert_segment)
    i.tcp_output                             0x0800743c   Section        0  tcp_out.o(i.tcp_output)
    i.tcp_output_alloc_header                0x08007708   Section        0  tcp_out.o(i.tcp_output_alloc_header)
    tcp_output_alloc_header                  0x08007709   Thumb Code   128  tcp_out.o(i.tcp_output_alloc_header)
    i.tcp_output_segment                     0x08007814   Section        0  tcp_out.o(i.tcp_output_segment)
    tcp_output_segment                       0x08007815   Thumb Code   164  tcp_out.o(i.tcp_output_segment)
    i.tcp_parseopt                           0x080078bc   Section        0  tcp_in.o(i.tcp_parseopt)
    tcp_parseopt                             0x080078bd   Thumb Code   110  tcp_in.o(i.tcp_parseopt)
    i.tcp_pbuf_prealloc                      0x08007930   Section        0  tcp_out.o(i.tcp_pbuf_prealloc)
    tcp_pbuf_prealloc                        0x08007931   Thumb Code   102  tcp_out.o(i.tcp_pbuf_prealloc)
    i.tcp_pcb_purge                          0x08007a08   Section        0  tcp.o(i.tcp_pcb_purge)
    i.tcp_pcb_remove                         0x08007a4c   Section        0  tcp.o(i.tcp_pcb_remove)
    i.tcp_poll                               0x08007b7c   Section        0  tcp.o(i.tcp_poll)
    i.tcp_process                            0x08007c18   Section        0  tcp_in.o(i.tcp_process)
    tcp_process                              0x08007c19   Thumb Code   930  tcp_in.o(i.tcp_process)
    i.tcp_process_refused_data               0x0800809c   Section        0  tcp.o(i.tcp_process_refused_data)
    i.tcp_receive                            0x08008108   Section        0  tcp_in.o(i.tcp_receive)
    tcp_receive                              0x08008109   Thumb Code  2590  tcp_in.o(i.tcp_receive)
    i.tcp_recv                               0x08008b28   Section        0  tcp.o(i.tcp_recv)
    i.tcp_recv_null                          0x08008bcc   Section        0  tcp.o(i.tcp_recv_null)
    i.tcp_recved                             0x08008bf0   Section        0  tcp.o(i.tcp_recved)
    i.tcp_rexmit                             0x08008d00   Section        0  tcp_out.o(i.tcp_rexmit)
    i.tcp_rexmit_fast                        0x08008d56   Section        0  tcp_out.o(i.tcp_rexmit_fast)
    i.tcp_rexmit_rto                         0x08008dae   Section        0  tcp_out.o(i.tcp_rexmit_rto)
    i.tcp_rst                                0x08008de0   Section        0  tcp_out.o(i.tcp_rst)
    i.tcp_seg_copy                           0x08008f00   Section        0  tcp.o(i.tcp_seg_copy)
    i.tcp_seg_free                           0x08008f28   Section        0  tcp.o(i.tcp_seg_free)
    i.tcp_segs_free                          0x08008f44   Section        0  tcp.o(i.tcp_segs_free)
    i.tcp_send_empty_ack                     0x08008f56   Section        0  tcp_out.o(i.tcp_send_empty_ack)
    i.tcp_send_fin                           0x08008fc8   Section        0  tcp_out.o(i.tcp_send_fin)
    i.tcp_sent                               0x0800900c   Section        0  tcp.o(i.tcp_sent)
    i.tcp_server_accept                      0x080090ac   Section        0  tcpserver.o(i.tcp_server_accept)
    tcp_server_accept                        0x080090ad   Thumb Code    82  tcpserver.o(i.tcp_server_accept)
    i.tcp_server_connection_close            0x0800910c   Section        0  tcpserver.o(i.tcp_server_connection_close)
    tcp_server_connection_close              0x0800910d   Thumb Code    64  tcpserver.o(i.tcp_server_connection_close)
    i.tcp_server_error                       0x0800914c   Section        0  tcpserver.o(i.tcp_server_error)
    tcp_server_error                         0x0800914d   Thumb Code    10  tcpserver.o(i.tcp_server_error)
    i.tcp_server_init                        0x08009158   Section        0  tcpserver.o(i.tcp_server_init)
    i.tcp_server_poll                        0x080091a0   Section        0  tcpserver.o(i.tcp_server_poll)
    tcp_server_poll                          0x080091a1   Thumb Code    60  tcpserver.o(i.tcp_server_poll)
    i.tcp_server_recv                        0x080091e0   Section        0  tcpserver.o(i.tcp_server_recv)
    tcp_server_recv                          0x080091e1   Thumb Code   178  tcpserver.o(i.tcp_server_recv)
    i.tcp_server_send                        0x080092e8   Section        0  tcpserver.o(i.tcp_server_send)
    tcp_server_send                          0x080092e9   Thumb Code    80  tcpserver.o(i.tcp_server_send)
    i.tcp_server_sent                        0x08009338   Section        0  tcpserver.o(i.tcp_server_sent)
    tcp_server_sent                          0x08009339   Thumb Code    50  tcpserver.o(i.tcp_server_sent)
    i.tcp_setprio                            0x08009370   Section        0  tcp.o(i.tcp_setprio)
    i.tcp_slowtmr                            0x08009374   Section        0  tcp.o(i.tcp_slowtmr)
    i.tcp_timer_needed                       0x0800984c   Section        0  timeouts.o(i.tcp_timer_needed)
    i.tcp_timewait_input                     0x08009880   Section        0  tcp_in.o(i.tcp_timewait_input)
    tcp_timewait_input                       0x08009881   Thumb Code    90  tcp_in.o(i.tcp_timewait_input)
    i.tcp_tmr                                0x080098e8   Section        0  tcp.o(i.tcp_tmr)
    i.tcp_trigger_input_pcb_close            0x08009908   Section        0  tcp_in.o(i.tcp_trigger_input_pcb_close)
    i.tcp_update_rcv_ann_wnd                 0x08009918   Section        0  tcp.o(i.tcp_update_rcv_ann_wnd)
    i.tcp_write                              0x080099d8   Section        0  tcp_out.o(i.tcp_write)
    i.tcp_write_checks                       0x0800a058   Section        0  tcp_out.o(i.tcp_write_checks)
    tcp_write_checks                         0x0800a059   Thumb Code   114  tcp_out.o(i.tcp_write_checks)
    i.tcp_zero_window_probe                  0x0800a198   Section        0  tcp_out.o(i.tcp_zero_window_probe)
    i.tcpip_tcp_timer                        0x0800a24c   Section        0  timeouts.o(i.tcpip_tcp_timer)
    tcpip_tcp_timer                          0x0800a24d   Thumb Code    40  timeouts.o(i.tcpip_tcp_timer)
    i.udp_init                               0x0800a284   Section        0  udp.o(i.udp_init)
    i.udp_input                              0x0800a288   Section        0  udp.o(i.udp_input)
    i.udp_netif_ip_addr_changed              0x0800a424   Section        0  udp.o(i.udp_netif_ip_addr_changed)
    .constdata                               0x0800a458   Section       16  system_stm32f2xx.o(.constdata)
    .constdata                               0x0800a468   Section        8  system_stm32f2xx.o(.constdata)
    .constdata                               0x0800a470   Section        6  ethernet.o(.constdata)
    .constdata                               0x0800a476   Section        6  ethernet.o(.constdata)
    .constdata                               0x0800a47c   Section       12  memp.o(.constdata)
    .constdata                               0x0800a488   Section       12  memp.o(.constdata)
    .constdata                               0x0800a494   Section       12  memp.o(.constdata)
    .constdata                               0x0800a4a0   Section       12  memp.o(.constdata)
    .constdata                               0x0800a4ac   Section       12  memp.o(.constdata)
    .constdata                               0x0800a4b8   Section       12  memp.o(.constdata)
    .constdata                               0x0800a4c4   Section       12  memp.o(.constdata)
    .constdata                               0x0800a4d0   Section       12  memp.o(.constdata)
    .constdata                               0x0800a4dc   Section       12  memp.o(.constdata)
    .constdata                               0x0800a4e8   Section       36  memp.o(.constdata)
    .constdata                               0x0800a50c   Section       84  tcp.o(.constdata)
    tcp_persist_backoff                      0x0800a50c   Data           7  tcp.o(.constdata)
    tcp_state_str                            0x0800a514   Data          44  tcp.o(.constdata)
    tcp_backoff                              0x0800a540   Data          13  tcp.o(.constdata)
    .constdata                               0x0800a560   Section       24  timeouts.o(.constdata)
    .constdata                               0x0800a578   Section        4  ip4_addr.o(.constdata)
    .conststring                             0x0800a57c   Section      117  tcp.o(.conststring)
    .conststring                             0x0800a5f4   Section       85  tcp_out.o(.conststring)
    .conststring                             0x0800a64c   Section       65  etharp.o(.conststring)
    .data                                    0x20000000   Section        4  tcpserver.o(.data)
    tcp_server_pcb                           0x20000000   Data           4  tcpserver.o(.data)
    .data                                    0x20000004   Section       24  lwip.o(.data)
    .data                                    0x2000001c   Section       12  stm32f2xx_hal.o(.data)
    .data                                    0x20000028   Section        4  system_stm32f2xx.o(.data)
    .data                                    0x2000002c   Section       12  mem.o(.data)
    ram                                      0x2000002c   Data           4  mem.o(.data)
    ram_end                                  0x20000030   Data           4  mem.o(.data)
    lfree                                    0x20000034   Data           4  mem.o(.data)
    .data                                    0x20000038   Section        4  memp.o(.data)
    memp_tab_UDP_PCB                         0x20000038   Data           4  memp.o(.data)
    .data                                    0x2000003c   Section        4  memp.o(.data)
    memp_tab_TCP_PCB                         0x2000003c   Data           4  memp.o(.data)
    .data                                    0x20000040   Section        4  memp.o(.data)
    memp_tab_TCP_PCB_LISTEN                  0x20000040   Data           4  memp.o(.data)
    .data                                    0x20000044   Section        4  memp.o(.data)
    memp_tab_TCP_SEG                         0x20000044   Data           4  memp.o(.data)
    .data                                    0x20000048   Section        4  memp.o(.data)
    memp_tab_REASSDATA                       0x20000048   Data           4  memp.o(.data)
    .data                                    0x2000004c   Section        4  memp.o(.data)
    memp_tab_FRAG_PBUF                       0x2000004c   Data           4  memp.o(.data)
    .data                                    0x20000050   Section        4  memp.o(.data)
    memp_tab_SYS_TIMEOUT                     0x20000050   Data           4  memp.o(.data)
    .data                                    0x20000054   Section        4  memp.o(.data)
    memp_tab_PBUF                            0x20000054   Data           4  memp.o(.data)
    .data                                    0x20000058   Section        4  memp.o(.data)
    memp_tab_PBUF_POOL                       0x20000058   Data           4  memp.o(.data)
    .data                                    0x2000005c   Section       12  netif.o(.data)
    netif_num                                0x2000005c   Data           1  netif.o(.data)
    .data                                    0x20000068   Section        1  pbuf.o(.data)
    .data                                    0x2000006c   Section       32  tcp.o(.data)
    tcp_timer                                0x2000006d   Data           1  tcp.o(.data)
    tcp_timer_ctr                            0x2000006e   Data           1  tcp.o(.data)
    tcp_port                                 0x20000070   Data           2  tcp.o(.data)
    iss                                      0x20000074   Data           4  tcp.o(.data)
    .data                                    0x2000008c   Section       36  tcp_in.o(.data)
    flags                                    0x2000008c   Data           1  tcp_in.o(.data)
    recv_flags                               0x2000008d   Data           1  tcp_in.o(.data)
    tcphdr_optlen                            0x2000008e   Data           2  tcp_in.o(.data)
    tcphdr_opt1len                           0x20000090   Data           2  tcp_in.o(.data)
    tcp_optidx                               0x20000092   Data           2  tcp_in.o(.data)
    recv_acked                               0x20000094   Data           2  tcp_in.o(.data)
    tcplen                                   0x20000096   Data           2  tcp_in.o(.data)
    tcphdr                                   0x20000098   Data           4  tcp_in.o(.data)
    tcphdr_opt2                              0x2000009c   Data           4  tcp_in.o(.data)
    seqno                                    0x200000a0   Data           4  tcp_in.o(.data)
    ackno                                    0x200000a4   Data           4  tcp_in.o(.data)
    recv_data                                0x200000a8   Data           4  tcp_in.o(.data)
    .data                                    0x200000b0   Section       12  timeouts.o(.data)
    next_timeout                             0x200000b0   Data           4  timeouts.o(.data)
    timeouts_last_time                       0x200000b4   Data           4  timeouts.o(.data)
    tcpip_tcp_timer_active                   0x200000b8   Data           4  timeouts.o(.data)
    .data                                    0x200000bc   Section        8  udp.o(.data)
    udp_port                                 0x200000bc   Data           2  udp.o(.data)
    .data                                    0x200000c4   Section        1  etharp.o(.data)
    etharp_cached_entry                      0x200000c4   Data           1  etharp.o(.data)
    .data                                    0x200000c6   Section        2  ip4.o(.data)
    ip_id                                    0x200000c6   Data           2  ip4.o(.data)
    .data                                    0x200000c8   Section        8  ip4_frag.o(.data)
    ip_reass_pbufcount                       0x200000c8   Data           2  ip4_frag.o(.data)
    reassdatagrams                           0x200000cc   Data           4  ip4_frag.o(.data)
    .data                                    0x200000d0   Section        4  stdout.o(.data)
    .bss                                     0x200000d4   Section     1088  main.o(.bss)
    .bss                                     0x20000514   Section       48  lwip.o(.bss)
    .bss                                     0x20000544   Section    12520  ethernetif.o(.bss)
    .bss                                     0x2000362c   Section       24  ip.o(.bss)
    .bss                                     0x20003644   Section     1619  mem.o(.bss)
    .bss                                     0x20003c97   Section       35  memp.o(.bss)
    .bss                                     0x20003cba   Section      155  memp.o(.bss)
    .bss                                     0x20003d55   Section       31  memp.o(.bss)
    .bss                                     0x20003d74   Section      259  memp.o(.bss)
    .bss                                     0x20003e77   Section      163  memp.o(.bss)
    .bss                                     0x20003f1a   Section      363  memp.o(.bss)
    .bss                                     0x20004085   Section       51  memp.o(.bss)
    .bss                                     0x200040b8   Section      259  memp.o(.bss)
    .bss                                     0x200041bb   Section     9731  memp.o(.bss)
    .bss                                     0x200067c0   Section       16  tcp_in.o(.bss)
    inseg                                    0x200067c0   Data          16  tcp_in.o(.bss)
    .bss                                     0x200067d0   Section      240  etharp.o(.bss)
    arp_table                                0x200067d0   Data         240  etharp.o(.bss)
    STACK                                    0x200068c0   Section     1536  startup_stm32f207xx.o(STACK)

    Global Symbols

    Symbol Name                              Value     Ov Type        Size  Object(Section)

    BuildAttributes$$THM_ISAv4$P$D$K$B$S$PE$A:L22UL41UL21$X:L11$S22US41US21$IEEE1$IW$USESV6$~STKCKD$USESV7$~SHL$OSPACE$ROPI$EBA8$MICROLIB$REQ8$PRES8$EABIv2 0x00000000   Number         0  anon$$obj.o ABSOLUTE
    __ARM_use_no_argv                        0x00000000   Number         0  main.o ABSOLUTE
    _printf_a                                0x00000000   Number         0  stubs.o ABSOLUTE
    _printf_c                                0x00000000   Number         0  stubs.o ABSOLUTE
    _printf_charcount                        0x00000000   Number         0  stubs.o ABSOLUTE
    _printf_d                                0x00000000   Number         0  stubs.o ABSOLUTE
    _printf_e                                0x00000000   Number         0  stubs.o ABSOLUTE
    _printf_f                                0x00000000   Number         0  stubs.o ABSOLUTE
    _printf_flags                            0x00000000   Number         0  stubs.o ABSOLUTE
    _printf_fp_dec                           0x00000000   Number         0  stubs.o ABSOLUTE
    _printf_fp_hex                           0x00000000   Number         0  stubs.o ABSOLUTE
    _printf_g                                0x00000000   Number         0  stubs.o ABSOLUTE
    _printf_i                                0x00000000   Number         0  stubs.o ABSOLUTE
    _printf_int_dec                          0x00000000   Number         0  stubs.o ABSOLUTE
    _printf_l                                0x00000000   Number         0  stubs.o ABSOLUTE
    _printf_lc                               0x00000000   Number         0  stubs.o ABSOLUTE
    _printf_ll                               0x00000000   Number         0  stubs.o ABSOLUTE
    _printf_lld                              0x00000000   Number         0  stubs.o ABSOLUTE
    _printf_lli                              0x00000000   Number         0  stubs.o ABSOLUTE
    _printf_llo                              0x00000000   Number         0  stubs.o ABSOLUTE
    _printf_llu                              0x00000000   Number         0  stubs.o ABSOLUTE
    _printf_llx                              0x00000000   Number         0  stubs.o ABSOLUTE
    _printf_longlong_dec                     0x00000000   Number         0  stubs.o ABSOLUTE
    _printf_longlong_hex                     0x00000000   Number         0  stubs.o ABSOLUTE
    _printf_longlong_oct                     0x00000000   Number         0  stubs.o ABSOLUTE
    _printf_ls                               0x00000000   Number         0  stubs.o ABSOLUTE
    _printf_mbtowc                           0x00000000   Number         0  stubs.o ABSOLUTE
    _printf_n                                0x00000000   Number         0  stubs.o ABSOLUTE
    _printf_o                                0x00000000   Number         0  stubs.o ABSOLUTE
    _printf_p                                0x00000000   Number         0  stubs.o ABSOLUTE
    _printf_percent                          0x00000000   Number         0  stubs.o ABSOLUTE
    _printf_pre_padding                      0x00000000   Number         0  stubs.o ABSOLUTE
    _printf_return_value                     0x00000000   Number         0  stubs.o ABSOLUTE
    _printf_s                                0x00000000   Number         0  stubs.o ABSOLUTE
    _printf_sizespec                         0x00000000   Number         0  stubs.o ABSOLUTE
    _printf_str                              0x00000000   Number         0  stubs.o ABSOLUTE
    _printf_truncate_signed                  0x00000000   Number         0  stubs.o ABSOLUTE
    _printf_truncate_unsigned                0x00000000   Number         0  stubs.o ABSOLUTE
    _printf_u                                0x00000000   Number         0  stubs.o ABSOLUTE
    _printf_wc                               0x00000000   Number         0  stubs.o ABSOLUTE
    _printf_wctomb                           0x00000000   Number         0  stubs.o ABSOLUTE
    _printf_widthprec                        0x00000000   Number         0  stubs.o ABSOLUTE
    _printf_x                                0x00000000   Number         0  stubs.o ABSOLUTE
    __cpp_initialize__aeabi_                  - Undefined Weak Reference
    __cxa_finalize                            - Undefined Weak Reference
    __decompress                              - Undefined Weak Reference
    _clock_init                               - Undefined Weak Reference
    _microlib_exit                            - Undefined Weak Reference
    __Vectors_Size                           0x00000184   Number         0  startup_stm32f207xx.o ABSOLUTE
    __Vectors                                0x08000000   Data           4  startup_stm32f207xx.o(RESET)
    __Vectors_End                            0x08000184   Data           0  startup_stm32f207xx.o(RESET)
    __main                                   0x08000185   Thumb Code     0  entry.o(.ARM.Collect$$$$00000000)
    _main_stk                                0x08000185   Thumb Code     0  entry2.o(.ARM.Collect$$$$00000001)
    _main_scatterload                        0x08000189   Thumb Code     0  entry5.o(.ARM.Collect$$$$00000004)
    __main_after_scatterload                 0x0800018d   Thumb Code     0  entry5.o(.ARM.Collect$$$$00000004)
    _main_clock                              0x0800018d   Thumb Code     0  entry7b.o(.ARM.Collect$$$$00000008)
    _main_cpp_init                           0x0800018d   Thumb Code     0  entry8b.o(.ARM.Collect$$$$0000000A)
    _main_init                               0x0800018d   Thumb Code     0  entry9a.o(.ARM.Collect$$$$0000000B)
    __rt_final_cpp                           0x08000195   Thumb Code     0  entry10a.o(.ARM.Collect$$$$0000000D)
    __rt_final_exit                          0x08000195   Thumb Code     0  entry11a.o(.ARM.Collect$$$$0000000F)
    Reset_Handler                            0x08000199   Thumb Code     8  startup_stm32f207xx.o(.text)
    ADC_IRQHandler                           0x080001b3   Thumb Code     0  startup_stm32f207xx.o(.text)
    CAN1_RX0_IRQHandler                      0x080001b3   Thumb Code     0  startup_stm32f207xx.o(.text)
    CAN1_RX1_IRQHandler                      0x080001b3   Thumb Code     0  startup_stm32f207xx.o(.text)
    CAN1_SCE_IRQHandler                      0x080001b3   Thumb Code     0  startup_stm32f207xx.o(.text)
    CAN1_TX_IRQHandler                       0x080001b3   Thumb Code     0  startup_stm32f207xx.o(.text)
    CAN2_RX0_IRQHandler                      0x080001b3   Thumb Code     0  startup_stm32f207xx.o(.text)
    CAN2_RX1_IRQHandler                      0x080001b3   Thumb Code     0  startup_stm32f207xx.o(.text)
    CAN2_SCE_IRQHandler                      0x080001b3   Thumb Code     0  startup_stm32f207xx.o(.text)
    CAN2_TX_IRQHandler                       0x080001b3   Thumb Code     0  startup_stm32f207xx.o(.text)
    DCMI_IRQHandler                          0x080001b3   Thumb Code     0  startup_stm32f207xx.o(.text)
    DMA1_Stream0_IRQHandler                  0x080001b3   Thumb Code     0  startup_stm32f207xx.o(.text)
    DMA1_Stream1_IRQHandler                  0x080001b3   Thumb Code     0  startup_stm32f207xx.o(.text)
    DMA1_Stream2_IRQHandler                  0x080001b3   Thumb Code     0  startup_stm32f207xx.o(.text)
    DMA1_Stream3_IRQHandler                  0x080001b3   Thumb Code     0  startup_stm32f207xx.o(.text)
    DMA1_Stream4_IRQHandler                  0x080001b3   Thumb Code     0  startup_stm32f207xx.o(.text)
    DMA1_Stream5_IRQHandler                  0x080001b3   Thumb Code     0  startup_stm32f207xx.o(.text)
    DMA1_Stream6_IRQHandler                  0x080001b3   Thumb Code     0  startup_stm32f207xx.o(.text)
    DMA1_Stream7_IRQHandler                  0x080001b3   Thumb Code     0  startup_stm32f207xx.o(.text)
    DMA2_Stream0_IRQHandler                  0x080001b3   Thumb Code     0  startup_stm32f207xx.o(.text)
    DMA2_Stream1_IRQHandler                  0x080001b3   Thumb Code     0  startup_stm32f207xx.o(.text)
    DMA2_Stream2_IRQHandler                  0x080001b3   Thumb Code     0  startup_stm32f207xx.o(.text)
    DMA2_Stream3_IRQHandler                  0x080001b3   Thumb Code     0  startup_stm32f207xx.o(.text)
    DMA2_Stream4_IRQHandler                  0x080001b3   Thumb Code     0  startup_stm32f207xx.o(.text)
    DMA2_Stream5_IRQHandler                  0x080001b3   Thumb Code     0  startup_stm32f207xx.o(.text)
    DMA2_Stream6_IRQHandler                  0x080001b3   Thumb Code     0  startup_stm32f207xx.o(.text)
    DMA2_Stream7_IRQHandler                  0x080001b3   Thumb Code     0  startup_stm32f207xx.o(.text)
    ETH_IRQHandler                           0x080001b3   Thumb Code     0  startup_stm32f207xx.o(.text)
    ETH_WKUP_IRQHandler                      0x080001b3   Thumb Code     0  startup_stm32f207xx.o(.text)
    EXTI0_IRQHandler                         0x080001b3   Thumb Code     0  startup_stm32f207xx.o(.text)
    EXTI15_10_IRQHandler                     0x080001b3   Thumb Code     0  startup_stm32f207xx.o(.text)
    EXTI1_IRQHandler                         0x080001b3   Thumb Code     0  startup_stm32f207xx.o(.text)
    EXTI2_IRQHandler                         0x080001b3   Thumb Code     0  startup_stm32f207xx.o(.text)
    EXTI3_IRQHandler                         0x080001b3   Thumb Code     0  startup_stm32f207xx.o(.text)
    EXTI4_IRQHandler                         0x080001b3   Thumb Code     0  startup_stm32f207xx.o(.text)
    EXTI9_5_IRQHandler                       0x080001b3   Thumb Code     0  startup_stm32f207xx.o(.text)
    FLASH_IRQHandler                         0x080001b3   Thumb Code     0  startup_stm32f207xx.o(.text)
    FSMC_IRQHandler                          0x080001b3   Thumb Code     0  startup_stm32f207xx.o(.text)
    HASH_RNG_IRQHandler                      0x080001b3   Thumb Code     0  startup_stm32f207xx.o(.text)
    I2C1_ER_IRQHandler                       0x080001b3   Thumb Code     0  startup_stm32f207xx.o(.text)
    I2C1_EV_IRQHandler                       0x080001b3   Thumb Code     0  startup_stm32f207xx.o(.text)
    I2C2_ER_IRQHandler                       0x080001b3   Thumb Code     0  startup_stm32f207xx.o(.text)
    I2C2_EV_IRQHandler                       0x080001b3   Thumb Code     0  startup_stm32f207xx.o(.text)
    I2C3_ER_IRQHandler                       0x080001b3   Thumb Code     0  startup_stm32f207xx.o(.text)
    I2C3_EV_IRQHandler                       0x080001b3   Thumb Code     0  startup_stm32f207xx.o(.text)
    OTG_FS_IRQHandler                        0x080001b3   Thumb Code     0  startup_stm32f207xx.o(.text)
    OTG_FS_WKUP_IRQHandler                   0x080001b3   Thumb Code     0  startup_stm32f207xx.o(.text)
    OTG_HS_EP1_IN_IRQHandler                 0x080001b3   Thumb Code     0  startup_stm32f207xx.o(.text)
    OTG_HS_EP1_OUT_IRQHandler                0x080001b3   Thumb Code     0  startup_stm32f207xx.o(.text)
    OTG_HS_IRQHandler                        0x080001b3   Thumb Code     0  startup_stm32f207xx.o(.text)
    OTG_HS_WKUP_IRQHandler                   0x080001b3   Thumb Code     0  startup_stm32f207xx.o(.text)
    PVD_IRQHandler                           0x080001b3   Thumb Code     0  startup_stm32f207xx.o(.text)
    RCC_IRQHandler                           0x080001b3   Thumb Code     0  startup_stm32f207xx.o(.text)
    RTC_Alarm_IRQHandler                     0x080001b3   Thumb Code     0  startup_stm32f207xx.o(.text)
    RTC_WKUP_IRQHandler                      0x080001b3   Thumb Code     0  startup_stm32f207xx.o(.text)
    SDIO_IRQHandler                          0x080001b3   Thumb Code     0  startup_stm32f207xx.o(.text)
    SPI1_IRQHandler                          0x080001b3   Thumb Code     0  startup_stm32f207xx.o(.text)
    SPI2_IRQHandler                          0x080001b3   Thumb Code     0  startup_stm32f207xx.o(.text)
    SPI3_IRQHandler                          0x080001b3   Thumb Code     0  startup_stm32f207xx.o(.text)
    TAMP_STAMP_IRQHandler                    0x080001b3   Thumb Code     0  startup_stm32f207xx.o(.text)
    TIM1_BRK_TIM9_IRQHandler                 0x080001b3   Thumb Code     0  startup_stm32f207xx.o(.text)
    TIM1_CC_IRQHandler                       0x080001b3   Thumb Code     0  startup_stm32f207xx.o(.text)
    TIM1_TRG_COM_TIM11_IRQHandler            0x080001b3   Thumb Code     0  startup_stm32f207xx.o(.text)
    TIM1_UP_TIM10_IRQHandler                 0x080001b3   Thumb Code     0  startup_stm32f207xx.o(.text)
    TIM2_IRQHandler                          0x080001b3   Thumb Code     0  startup_stm32f207xx.o(.text)
    TIM3_IRQHandler                          0x080001b3   Thumb Code     0  startup_stm32f207xx.o(.text)
    TIM4_IRQHandler                          0x080001b3   Thumb Code     0  startup_stm32f207xx.o(.text)
    TIM5_IRQHandler                          0x080001b3   Thumb Code     0  startup_stm32f207xx.o(.text)
    TIM6_DAC_IRQHandler                      0x080001b3   Thumb Code     0  startup_stm32f207xx.o(.text)
    TIM7_IRQHandler                          0x080001b3   Thumb Code     0  startup_stm32f207xx.o(.text)
    TIM8_BRK_TIM12_IRQHandler                0x080001b3   Thumb Code     0  startup_stm32f207xx.o(.text)
    TIM8_CC_IRQHandler                       0x080001b3   Thumb Code     0  startup_stm32f207xx.o(.text)
    TIM8_TRG_COM_TIM14_IRQHandler            0x080001b3   Thumb Code     0  startup_stm32f207xx.o(.text)
    TIM8_UP_TIM13_IRQHandler                 0x080001b3   Thumb Code     0  startup_stm32f207xx.o(.text)
    UART4_IRQHandler                         0x080001b3   Thumb Code     0  startup_stm32f207xx.o(.text)
    UART5_IRQHandler                         0x080001b3   Thumb Code     0  startup_stm32f207xx.o(.text)
    USART1_IRQHandler                        0x080001b3   Thumb Code     0  startup_stm32f207xx.o(.text)
    USART2_IRQHandler                        0x080001b3   Thumb Code     0  startup_stm32f207xx.o(.text)
    USART6_IRQHandler                        0x080001b3   Thumb Code     0  startup_stm32f207xx.o(.text)
    WWDG_IRQHandler                          0x080001b3   Thumb Code     0  startup_stm32f207xx.o(.text)
    __aeabi_uldivmod                         0x080001bd   Thumb Code    98  uldiv.o(.text)
    __aeabi_memcpy                           0x0800021f   Thumb Code    36  memcpya.o(.text)
    __aeabi_memcpy4                          0x0800021f   Thumb Code     0  memcpya.o(.text)
    __aeabi_memcpy8                          0x0800021f   Thumb Code     0  memcpya.o(.text)
    __aeabi_memset                           0x08000243   Thumb Code    14  memseta.o(.text)
    __aeabi_memset4                          0x08000243   Thumb Code     0  memseta.o(.text)
    __aeabi_memset8                          0x08000243   Thumb Code     0  memseta.o(.text)
    __aeabi_memclr                           0x08000251   Thumb Code     4  memseta.o(.text)
    __aeabi_memclr4                          0x08000251   Thumb Code     0  memseta.o(.text)
    __aeabi_memclr8                          0x08000251   Thumb Code     0  memseta.o(.text)
    _memset$wrapper                          0x08000255   Thumb Code    18  memseta.o(.text)
    memcmp                                   0x08000267   Thumb Code    26  memcmp.o(.text)
    __aeabi_uidiv                            0x08000281   Thumb Code     0  uidiv.o(.text)
    __aeabi_uidivmod                         0x08000281   Thumb Code    44  uidiv.o(.text)
    __aeabi_llsl                             0x080002ad   Thumb Code    30  llshl.o(.text)
    _ll_shift_l                              0x080002ad   Thumb Code     0  llshl.o(.text)
    __aeabi_llsr                             0x080002cb   Thumb Code    32  llushr.o(.text)
    _ll_ushift_r                             0x080002cb   Thumb Code     0  llushr.o(.text)
    __scatterload                            0x080002ed   Thumb Code    28  init.o(.text)
    __scatterload_rt2                        0x080002ed   Thumb Code     0  init.o(.text)
    BusFault_Handler                         0x08000311   Thumb Code     2  stm32f2xx_it.o(i.BusFault_Handler)
    __I$use$semihosting$fputc                0x08000311   Thumb Code     0  iusesemip.o(.text)
    __semihosting_library_function           0x08000311   Thumb Code     0  semi.o(.text)
    DebugMon_Handler                         0x08000313   Thumb Code     2  stm32f2xx_it.o(i.DebugMon_Handler)
    HAL_DMA_Abort_IT                         0x08000489   Thumb Code    36  stm32f2xx_hal_dma.o(i.HAL_DMA_Abort_IT)
    HAL_Delay                                0x080004ad   Thumb Code    32  stm32f2xx_hal.o(i.HAL_Delay)
    HAL_ETH_DMARxDescListInit                0x080004d1   Thumb Code   116  stm32f2xx_hal_eth.o(i.HAL_ETH_DMARxDescListInit)
    HAL_ETH_DMATxDescListInit                0x08000545   Thumb Code   120  stm32f2xx_hal_eth.o(i.HAL_ETH_DMATxDescListInit)
    HAL_ETH_GetReceivedFrame                 0x080005bd   Thumb Code   122  stm32f2xx_hal_eth.o(i.HAL_ETH_GetReceivedFrame)
    HAL_ETH_Init                             0x08000639   Thumb Code   434  stm32f2xx_hal_eth.o(i.HAL_ETH_Init)
    HAL_ETH_MspInit                          0x0800080d   Thumb Code   230  ethernetif.o(i.HAL_ETH_MspInit)
    HAL_ETH_ReadPHYRegister                  0x0800090d   Thumb Code   132  stm32f2xx_hal_eth.o(i.HAL_ETH_ReadPHYRegister)
    HAL_ETH_Start                            0x08000991   Thumb Code   132  stm32f2xx_hal_eth.o(i.HAL_ETH_Start)
    HAL_ETH_TransmitFrame                    0x08000a15   Thumb Code   264  stm32f2xx_hal_eth.o(i.HAL_ETH_TransmitFrame)
    HAL_ETH_WritePHYRegister                 0x08000b1d   Thumb Code   120  stm32f2xx_hal_eth.o(i.HAL_ETH_WritePHYRegister)
    HAL_GPIO_Init                            0x08000b95   Thumb Code   456  stm32f2xx_hal_gpio.o(i.HAL_GPIO_Init)
    HAL_GPIO_WritePin                        0x08000d8d   Thumb Code    10  stm32f2xx_hal_gpio.o(i.HAL_GPIO_WritePin)
    HAL_GetTick                              0x08000d99   Thumb Code     6  stm32f2xx_hal.o(i.HAL_GetTick)
    HAL_IncTick                              0x08000da5   Thumb Code    12  stm32f2xx_hal.o(i.HAL_IncTick)
    HAL_Init                                 0x08000db5   Thumb Code    48  stm32f2xx_hal.o(i.HAL_Init)
    HAL_InitTick                             0x08000de9   Thumb Code    54  stm32f2xx_hal.o(i.HAL_InitTick)
    HAL_MspInit                              0x08000e29   Thumb Code    42  stm32f2xx_hal_msp.o(i.HAL_MspInit)
    HAL_NVIC_EnableIRQ                       0x08000e59   Thumb Code    26  stm32f2xx_hal_cortex.o(i.HAL_NVIC_EnableIRQ)
    HAL_NVIC_SetPriority                     0x08000e75   Thumb Code    60  stm32f2xx_hal_cortex.o(i.HAL_NVIC_SetPriority)
    HAL_NVIC_SetPriorityGrouping             0x08000eb5   Thumb Code    26  stm32f2xx_hal_cortex.o(i.HAL_NVIC_SetPriorityGrouping)
    HAL_PCD_Init                             0x08000ed9   Thumb Code   226  stm32f2xx_hal_pcd.o(i.HAL_PCD_Init)
    HAL_PCD_MspInit                          0x08000fbd   Thumb Code   124  stm32f2xx_hal_msp.o(i.HAL_PCD_MspInit)
    HAL_RCC_ClockConfig                      0x08001041   Thumb Code   296  stm32f2xx_hal_rcc.o(i.HAL_RCC_ClockConfig)
    HAL_RCC_GetHCLKFreq                      0x0800117d   Thumb Code     6  stm32f2xx_hal_rcc.o(i.HAL_RCC_GetHCLKFreq)
    HAL_RCC_GetPCLK1Freq                     0x08001189   Thumb Code    34  stm32f2xx_hal_rcc.o(i.HAL_RCC_GetPCLK1Freq)
    HAL_RCC_GetPCLK2Freq                     0x080011b9   Thumb Code    34  stm32f2xx_hal_rcc.o(i.HAL_RCC_GetPCLK2Freq)
    HAL_RCC_GetSysClockFreq                  0x080011e9   Thumb Code    88  stm32f2xx_hal_rcc.o(i.HAL_RCC_GetSysClockFreq)
    HAL_RCC_OscConfig                        0x08001249   Thumb Code   826  stm32f2xx_hal_rcc.o(i.HAL_RCC_OscConfig)
    HAL_SYSTICK_Config                       0x08001595   Thumb Code    40  stm32f2xx_hal_cortex.o(i.HAL_SYSTICK_Config)
    HAL_UART_ErrorCallback                   0x080015bd   Thumb Code     2  stm32f2xx_hal_uart.o(i.HAL_UART_ErrorCallback)
    HAL_UART_IRQHandler                      0x080015c1   Thumb Code   270  stm32f2xx_hal_uart.o(i.HAL_UART_IRQHandler)
    HAL_UART_Init                            0x080016d5   Thumb Code    98  stm32f2xx_hal_uart.o(i.HAL_UART_Init)
    HAL_UART_MspInit                         0x08001739   Thumb Code   110  stm32f2xx_hal_msp.o(i.HAL_UART_MspInit)
    HAL_UART_RxCpltCallback                  0x080017b5   Thumb Code     2  stm32f2xx_hal_uart.o(i.HAL_UART_RxCpltCallback)
    HAL_UART_TxCpltCallback                  0x080017b7   Thumb Code     2  stm32f2xx_hal_uart.o(i.HAL_UART_TxCpltCallback)
    HardFault_Handler                        0x080017b9   Thumb Code     2  stm32f2xx_it.o(i.HardFault_Handler)
    MX_LWIP_Init                             0x080018a9   Thumb Code   190  lwip.o(i.MX_LWIP_Init)
    MX_LWIP_Process                          0x08001979   Thumb Code    16  lwip.o(i.MX_LWIP_Process)
    MemManage_Handler                        0x0800198d   Thumb Code     2  stm32f2xx_it.o(i.MemManage_Handler)
    NMI_Handler                              0x0800198f   Thumb Code     2  stm32f2xx_it.o(i.NMI_Handler)
    PendSV_Handler                           0x08001991   Thumb Code     2  stm32f2xx_it.o(i.PendSV_Handler)
    SVC_Handler                              0x08001993   Thumb Code     2  stm32f2xx_it.o(i.SVC_Handler)
    SysTick_Handler                          0x08001995   Thumb Code     4  stm32f2xx_it.o(i.SysTick_Handler)
    SystemClock_Config                       0x08001999   Thumb Code    88  main.o(i.SystemClock_Config)
    SystemInit                               0x080019f1   Thumb Code    54  system_stm32f2xx.o(i.SystemInit)
    USART3_IRQHandler                        0x08001ce9   Thumb Code     6  stm32f2xx_it.o(i.USART3_IRQHandler)
    USB_CoreInit                             0x08001cf5   Thumb Code   102  stm32f2xx_ll_usb.o(i.USB_CoreInit)
    USB_DevDisconnect                        0x08001d99   Thumb Code    24  stm32f2xx_ll_usb.o(i.USB_DevDisconnect)
    USB_DevInit                              0x08001db1   Thumb Code   378  stm32f2xx_ll_usb.o(i.USB_DevInit)
    USB_DisableGlobalInt                     0x08001f3d   Thumb Code    12  stm32f2xx_ll_usb.o(i.USB_DisableGlobalInt)
    USB_FlushRxFifo                          0x08001f49   Thumb Code    28  stm32f2xx_ll_usb.o(i.USB_FlushRxFifo)
    USB_FlushTxFifo                          0x08001f69   Thumb Code    32  stm32f2xx_ll_usb.o(i.USB_FlushTxFifo)
    USB_SetCurrentMode                       0x08001f8d   Thumb Code    46  stm32f2xx_ll_usb.o(i.USB_SetCurrentMode)
    UsageFault_Handler                       0x08001fbb   Thumb Code     2  stm32f2xx_it.o(i.UsageFault_Handler)
    __0printf$3                              0x08001fbd   Thumb Code    22  printf3.o(i.__0printf$3)
    __1printf$3                              0x08001fbd   Thumb Code     0  printf3.o(i.__0printf$3)
    __2printf                                0x08001fbd   Thumb Code     0  printf3.o(i.__0printf$3)
    __scatterload_copy                       0x08001ffd   Thumb Code    14  handlers.o(i.__scatterload_copy)
    __scatterload_null                       0x0800200b   Thumb Code     2  handlers.o(i.__scatterload_null)
    __scatterload_zeroinit                   0x0800200d   Thumb Code    14  handlers.o(i.__scatterload_zeroinit)
    etharp_cleanup_netif                     0x08002331   Thumb Code    42  etharp.o(i.etharp_cleanup_netif)
    etharp_input                             0x080025dd   Thumb Code   148  etharp.o(i.etharp_input)
    etharp_output                            0x080026e1   Thumb Code   274  etharp.o(i.etharp_output)
    etharp_query                             0x0800299d   Thumb Code   300  etharp.o(i.etharp_query)
    etharp_request                           0x08002ce5   Thumb Code     6  etharp.o(i.etharp_request)
    etharp_tmr                               0x08002d11   Thumb Code    92  etharp.o(i.etharp_tmr)
    ethernet_input                           0x08002e8d   Thumb Code   154  ethernet.o(i.ethernet_input)
    ethernet_output                          0x08002f2d   Thumb Code    98  ethernet.o(i.ethernet_output)
    ethernetif_init                          0x08003025   Thumb Code    50  ethernetif.o(i.ethernetif_init)
    ethernetif_input                         0x080030ad   Thumb Code    34  ethernetif.o(i.ethernetif_input)
    fputc                                    0x080030cf   Thumb Code    18  fputc.o(i.fputc)
    icmp_dest_unreach                        0x080030e1   Thumb Code     8  icmp.o(i.icmp_dest_unreach)
    icmp_input                               0x080030e9   Thumb Code   274  icmp.o(i.icmp_input)
    icmp_time_exceeded                       0x080033d9   Thumb Code     8  icmp.o(i.icmp_time_exceeded)
    ip4_addr_isbroadcast_u32                 0x080033e1   Thumb Code    46  ip4_addr.o(i.ip4_addr_isbroadcast_u32)
    ip4_frag                                 0x08003411   Thumb Code   390  ip4_frag.o(i.ip4_frag)
    ip4_input                                0x08003665   Thumb Code   410  ip4.o(i.ip4_input)
    ip4_output_if                            0x08003809   Thumb Code    30  ip4.o(i.ip4_output_if)
    ip4_output_if_src                        0x08003829   Thumb Code   204  ip4.o(i.ip4_output_if_src)
    ip4_reass                                0x08003995   Thumb Code   430  ip4_frag.o(i.ip4_reass)
    ip4_route                                0x08003b49   Thumb Code    82  ip4.o(i.ip4_route)
    ip_reass_tmr                             0x08004161   Thumb Code    40  ip4_frag.o(i.ip_reass_tmr)
    lwip_htonl                               0x08004479   Thumb Code     4  def.o(i.lwip_htonl)
    lwip_htons                               0x0800447d   Thumb Code     4  def.o(i.lwip_htons)
    lwip_init                                0x08004481   Thumb Code    30  init.o(i.lwip_init)
    main                                     0x080044a1   Thumb Code    94  main.o(i.main)
    mem_free                                 0x08004509   Thumb Code   110  mem.o(i.mem_free)
    mem_init                                 0x08004625   Thumb Code    42  mem.o(i.mem_init)
    mem_malloc                               0x08004659   Thumb Code   256  mem.o(i.mem_malloc)
    mem_trim                                 0x08004855   Thumb Code   240  mem.o(i.mem_trim)
    memp_free                                0x080049d9   Thumb Code    34  memp.o(i.memp_free)
    memp_init                                0x08004a75   Thumb Code    26  memp.o(i.memp_init)
    memp_init_pool                           0x08004a95   Thumb Code    42  memp.o(i.memp_init_pool)
    memp_malloc                              0x08004ac1   Thumb Code    38  memp.o(i.memp_malloc)
    netif_add                                0x08004b65   Thumb Code   102  netif.o(i.netif_add)
    netif_init                               0x08004c45   Thumb Code     2  netif.o(i.netif_init)
    netif_set_addr                           0x08004c61   Thumb Code    72  netif.o(i.netif_set_addr)
    netif_set_default                        0x08004ca9   Thumb Code     6  netif.o(i.netif_set_default)
    netif_set_down                           0x08004cb5   Thumb Code    26  netif.o(i.netif_set_down)
    netif_set_gw                             0x08004ccf   Thumb Code     8  netif.o(i.netif_set_gw)
    netif_set_ipaddr                         0x08004cd9   Thumb Code    60  netif.o(i.netif_set_ipaddr)
    netif_set_netmask                        0x08004d19   Thumb Code     8  netif.o(i.netif_set_netmask)
    netif_set_up                             0x08004d21   Thumb Code    28  netif.o(i.netif_set_up)
    pbuf_alloc                               0x08004d3d   Thumb Code   480  pbuf.o(i.pbuf_alloc)
    pbuf_alloced_custom                      0x080050b9   Thumb Code    98  pbuf.o(i.pbuf_alloced_custom)
    pbuf_cat                                 0x08005199   Thumb Code    96  pbuf.o(i.pbuf_cat)
    pbuf_chain                               0x080052c9   Thumb Code    18  pbuf.o(i.pbuf_chain)
    pbuf_clen                                0x080052db   Thumb Code    18  pbuf.o(i.pbuf_clen)
    pbuf_copy                                0x080052ed   Thumb Code   242  pbuf.o(i.pbuf_copy)
    pbuf_copy_partial                        0x080054d9   Thumb Code   126  pbuf.o(i.pbuf_copy_partial)
    pbuf_free                                0x080055f5   Thumb Code   172  pbuf.o(i.pbuf_free)
    pbuf_free_ooseq                          0x08005759   Thumb Code    34  pbuf.o(i.pbuf_free_ooseq)
    pbuf_header                              0x08005785   Thumb Code     6  pbuf.o(i.pbuf_header)
    pbuf_header_force                        0x0800578b   Thumb Code     6  pbuf.o(i.pbuf_header_force)
    pbuf_realloc                             0x080058b5   Thumb Code   196  pbuf.o(i.pbuf_realloc)
    pbuf_ref                                 0x08005a4d   Thumb Code    32  pbuf.o(i.pbuf_ref)
    sys_check_timeouts                       0x08005c55   Thumb Code    80  timeouts.o(i.sys_check_timeouts)
    sys_now                                  0x08005cad   Thumb Code     4  ethernetif.o(i.sys_now)
    sys_timeout                              0x08005cb1   Thumb Code   158  timeouts.o(i.sys_timeout)
    sys_timeouts_init                        0x08005df1   Thumb Code    38  timeouts.o(i.sys_timeouts_init)
    tcp_abandon                              0x08005e25   Thumb Code   226  tcp.o(i.tcp_abandon)
    tcp_abort                                0x08005f99   Thumb Code     6  tcp.o(i.tcp_abort)
    tcp_accept                               0x08005f9f   Thumb Code    14  tcp.o(i.tcp_accept)
    tcp_alloc                                0x08005fbd   Thumb Code   240  tcp.o(i.tcp_alloc)
    tcp_arg                                  0x080060b9   Thumb Code     8  tcp.o(i.tcp_arg)
    tcp_bind                                 0x080060c1   Thumb Code   152  tcp.o(i.tcp_bind)
    tcp_close                                0x080061e5   Thumb Code    20  tcp.o(i.tcp_close)
    tcp_eff_send_mss_impl                    0x08006565   Thumb Code    34  tcp.o(i.tcp_eff_send_mss_impl)
    tcp_enqueue_flags                        0x08006589   Thumb Code   260  tcp_out.o(i.tcp_enqueue_flags)
    tcp_err                                  0x08006795   Thumb Code    34  tcp.o(i.tcp_err)
    tcp_fasttmr                              0x08006839   Thumb Code   102  tcp.o(i.tcp_fasttmr)
    tcp_init                                 0x080068d5   Thumb Code     2  tcp.o(i.tcp_init)
    tcp_input                                0x080068d9   Thumb Code  1488  tcp_in.o(i.tcp_input)
    tcp_keepalive                            0x08006ee9   Thumb Code    82  tcp_out.o(i.tcp_keepalive)
    tcp_listen_with_backlog                  0x080071b9   Thumb Code     6  tcp.o(i.tcp_listen_with_backlog)
    tcp_listen_with_backlog_and_err          0x080071c1   Thumb Code   158  tcp.o(i.tcp_listen_with_backlog_and_err)
    tcp_netif_ip_addr_changed                0x080072e5   Thumb Code    72  tcp.o(i.tcp_netif_ip_addr_changed)
    tcp_new                                  0x08007353   Thumb Code     6  tcp.o(i.tcp_new)
    tcp_next_iss                             0x080073b5   Thumb Code    12  tcp.o(i.tcp_next_iss)
    tcp_output                               0x0800743d   Thumb Code   554  tcp_out.o(i.tcp_output)
    tcp_pcb_purge                            0x08007a09   Thumb Code    66  tcp.o(i.tcp_pcb_purge)
    tcp_pcb_remove                           0x08007a4d   Thumb Code   140  tcp.o(i.tcp_pcb_remove)
    tcp_poll                                 0x08007b7d   Thumb Code    36  tcp.o(i.tcp_poll)
    tcp_process_refused_data                 0x0800809d   Thumb Code   108  tcp.o(i.tcp_process_refused_data)
    tcp_recv                                 0x08008b29   Thumb Code    34  tcp.o(i.tcp_recv)
    tcp_recv_null                            0x08008bcd   Thumb Code    36  tcp.o(i.tcp_recv_null)
    tcp_recved                               0x08008bf1   Thumb Code   106  tcp.o(i.tcp_recved)
    tcp_rexmit                               0x08008d01   Thumb Code    86  tcp_out.o(i.tcp_rexmit)
    tcp_rexmit_fast                          0x08008d57   Thumb Code    88  tcp_out.o(i.tcp_rexmit_fast)
    tcp_rexmit_rto                           0x08008daf   Thumb Code    50  tcp_out.o(i.tcp_rexmit_rto)
    tcp_rst                                  0x08008de1   Thumb Code   148  tcp_out.o(i.tcp_rst)
    tcp_seg_copy                             0x08008f01   Thumb Code    40  tcp.o(i.tcp_seg_copy)
    tcp_seg_free                             0x08008f29   Thumb Code    28  tcp.o(i.tcp_seg_free)
    tcp_segs_free                            0x08008f45   Thumb Code    18  tcp.o(i.tcp_segs_free)
    tcp_send_empty_ack                       0x08008f57   Thumb Code   114  tcp_out.o(i.tcp_send_empty_ack)
    tcp_send_fin                             0x08008fc9   Thumb Code    68  tcp_out.o(i.tcp_send_fin)
    tcp_sent                                 0x0800900d   Thumb Code    32  tcp.o(i.tcp_sent)
    tcp_server_init                          0x08009159   Thumb Code    58  tcpserver.o(i.tcp_server_init)
    tcp_setprio                              0x08009371   Thumb Code     4  tcp.o(i.tcp_setprio)
    tcp_slowtmr                              0x08009375   Thumb Code   782  tcp.o(i.tcp_slowtmr)
    tcp_timer_needed                         0x0800984d   Thumb Code    36  timeouts.o(i.tcp_timer_needed)
    tcp_tmr                                  0x080098e9   Thumb Code    28  tcp.o(i.tcp_tmr)
    tcp_trigger_input_pcb_close              0x08009909   Thumb Code    12  tcp_in.o(i.tcp_trigger_input_pcb_close)
    tcp_update_rcv_ann_wnd                   0x08009919   Thumb Code    76  tcp.o(i.tcp_update_rcv_ann_wnd)
    tcp_write                                0x080099d9   Thumb Code  1664  tcp_out.o(i.tcp_write)
    tcp_zero_window_probe                    0x0800a199   Thumb Code   180  tcp_out.o(i.tcp_zero_window_probe)
    udp_init                                 0x0800a285   Thumb Code     2  udp.o(i.udp_init)
    udp_input                                0x0800a289   Thumb Code   294  udp.o(i.udp_input)
    udp_netif_ip_addr_changed                0x0800a425   Thumb Code    48  udp.o(i.udp_netif_ip_addr_changed)
    AHBPrescTable                            0x0800a458   Data          16  system_stm32f2xx.o(.constdata)
    APBPrescTable                            0x0800a468   Data           8  system_stm32f2xx.o(.constdata)
    ethbroadcast                             0x0800a470   Data           6  ethernet.o(.constdata)
    ethzero                                  0x0800a476   Data           6  ethernet.o(.constdata)
    memp_UDP_PCB                             0x0800a47c   Data          12  memp.o(.constdata)
    memp_TCP_PCB                             0x0800a488   Data          12  memp.o(.constdata)
    memp_TCP_PCB_LISTEN                      0x0800a494   Data          12  memp.o(.constdata)
    memp_TCP_SEG                             0x0800a4a0   Data          12  memp.o(.constdata)
    memp_REASSDATA                           0x0800a4ac   Data          12  memp.o(.constdata)
    memp_FRAG_PBUF                           0x0800a4b8   Data          12  memp.o(.constdata)
    memp_SYS_TIMEOUT                         0x0800a4c4   Data          12  memp.o(.constdata)
    memp_PBUF                                0x0800a4d0   Data          12  memp.o(.constdata)
    memp_PBUF_POOL                           0x0800a4dc   Data          12  memp.o(.constdata)
    memp_pools                               0x0800a4e8   Data          36  memp.o(.constdata)
    tcp_pcb_lists                            0x0800a550   Data          16  tcp.o(.constdata)
    lwip_cyclic_timers                       0x0800a560   Data          24  timeouts.o(.constdata)
    ip_addr_any                              0x0800a578   Data           4  ip4_addr.o(.constdata)
    Region$$Table$$Base                      0x0800a690   Number         0  anon$$obj.o(Region$$Table)
    Region$$Table$$Limit                     0x0800a6b0   Number         0  anon$$obj.o(Region$$Table)
    IP_ADDRESS                               0x20000004   Data           4  lwip.o(.data)
    NETMASK_ADDRESS                          0x20000008   Data           4  lwip.o(.data)
    GATEWAY_ADDRESS                          0x2000000c   Data           4  lwip.o(.data)
    ipaddr                                   0x20000010   Data           4  lwip.o(.data)
    netmask                                  0x20000014   Data           4  lwip.o(.data)
    gw                                       0x20000018   Data           4  lwip.o(.data)
    uwTickFreq                               0x2000001c   Data           1  stm32f2xx_hal.o(.data)
    uwTickPrio                               0x20000020   Data           4  stm32f2xx_hal.o(.data)
    uwTick                                   0x20000024   Data           4  stm32f2xx_hal.o(.data)
    SystemCoreClock                          0x20000028   Data           4  system_stm32f2xx.o(.data)
    netif_list                               0x20000060   Data           4  netif.o(.data)
    netif_default                            0x20000064   Data           4  netif.o(.data)
    pbuf_free_ooseq_pending                  0x20000068   Data           1  pbuf.o(.data)
    tcp_active_pcbs_changed                  0x2000006c   Data           1  tcp.o(.data)
    tcp_ticks                                0x20000078   Data           4  tcp.o(.data)
    tcp_bound_pcbs                           0x2000007c   Data           4  tcp.o(.data)
    tcp_listen_pcbs                          0x20000080   Data           4  tcp.o(.data)
    tcp_active_pcbs                          0x20000084   Data           4  tcp.o(.data)
    tcp_tw_pcbs                              0x20000088   Data           4  tcp.o(.data)
    tcp_input_pcb                            0x200000ac   Data           4  tcp_in.o(.data)
    udp_pcbs                                 0x200000c0   Data           4  udp.o(.data)
    __stdout                                 0x200000d0   Data           4  stdout.o(.data)
    huart3                                   0x200000d4   Data          64  main.o(.bss)
    hpcd_USB_OTG_FS                          0x20000114   Data        1024  main.o(.bss)
    gnetif                                   0x20000514   Data          48  lwip.o(.bss)
    DMARxDscrTab                             0x20000544   Data         128  ethernetif.o(.bss)
    DMATxDscrTab                             0x200005c4   Data         128  ethernetif.o(.bss)
    Rx_Buff                                  0x20000644   Data        6096  ethernetif.o(.bss)
    Tx_Buff                                  0x20001e14   Data        6096  ethernetif.o(.bss)
    heth                                     0x200035e4   Data          72  ethernetif.o(.bss)
    ip_data                                  0x2000362c   Data          24  ip.o(.bss)
    ram_heap                                 0x20003644   Data        1619  mem.o(.bss)
    memp_memory_UDP_PCB_base                 0x20003c97   Data          35  memp.o(.bss)
    memp_memory_TCP_PCB_base                 0x20003cba   Data         155  memp.o(.bss)
    memp_memory_TCP_PCB_LISTEN_base          0x20003d55   Data          31  memp.o(.bss)
    memp_memory_TCP_SEG_base                 0x20003d74   Data         259  memp.o(.bss)
    memp_memory_REASSDATA_base               0x20003e77   Data         163  memp.o(.bss)
    memp_memory_FRAG_PBUF_base               0x20003f1a   Data         363  memp.o(.bss)
    memp_memory_SYS_TIMEOUT_base             0x20004085   Data          51  memp.o(.bss)
    memp_memory_PBUF_base                    0x200040b8   Data         259  memp.o(.bss)
    memp_memory_PBUF_POOL_base               0x200041bb   Data        9731  memp.o(.bss)
    __initial_sp                             0x20006ec0   Data           0  startup_stm32f207xx.o(STACK)



==============================================================================

Memory Map of the image

  Image Entry point : 0x08000185

  Load Region LR_IROM1 (Base: 0x08000000, Size: 0x0000a784, Max: 0x00100000, ABSOLUTE)

    Execution Region ER_IROM1 (Base: 0x08000000, Size: 0x0000a6b0, Max: 0x00100000, ABSOLUTE)

    Base Addr    Size         Type   Attr      Idx    E Section Name        Object

    0x08000000   0x00000184   Data   RO            3    RESET               startup_stm32f207xx.o
    0x08000184   0x00000000   Code   RO         5857  * .ARM.Collect$$$$00000000  mc_w.l(entry.o)
    0x08000184   0x00000004   Code   RO         6135    .ARM.Collect$$$$00000001  mc_w.l(entry2.o)
    0x08000188   0x00000004   Code   RO         6138    .ARM.Collect$$$$00000004  mc_w.l(entry5.o)
    0x0800018c   0x00000000   Code   RO         6140    .ARM.Collect$$$$00000008  mc_w.l(entry7b.o)
    0x0800018c   0x00000000   Code   RO         6142    .ARM.Collect$$$$0000000A  mc_w.l(entry8b.o)
    0x0800018c   0x00000008   Code   RO         6143    .ARM.Collect$$$$0000000B  mc_w.l(entry9a.o)
    0x08000194   0x00000000   Code   RO         6145    .ARM.Collect$$$$0000000D  mc_w.l(entry10a.o)
    0x08000194   0x00000000   Code   RO         6147    .ARM.Collect$$$$0000000F  mc_w.l(entry11a.o)
    0x08000194   0x00000004   Code   RO         6136    .ARM.Collect$$$$00002712  mc_w.l(entry2.o)
    0x08000198   0x00000024   Code   RO            4    .text               startup_stm32f207xx.o
    0x080001bc   0x00000062   Code   RO         5860    .text               mc_w.l(uldiv.o)
    0x0800021e   0x00000024   Code   RO         5862    .text               mc_w.l(memcpya.o)
    0x08000242   0x00000024   Code   RO         5864    .text               mc_w.l(memseta.o)
    0x08000266   0x0000001a   Code   RO         5868    .text               mc_w.l(memcmp.o)
    0x08000280   0x0000002c   Code   RO         6152    .text               mc_w.l(uidiv.o)
    0x080002ac   0x0000001e   Code   RO         6154    .text               mc_w.l(llshl.o)
    0x080002ca   0x00000020   Code   RO         6156    .text               mc_w.l(llushr.o)
    0x080002ea   0x00000002   PAD
    0x080002ec   0x00000024   Code   RO         6169    .text               mc_w.l(init.o)
    0x08000310   0x00000000   Code   RO         6171    .text               mc_w.l(semi.o)
    0x08000310   0x00000000   Code   RO         6174    .text               mc_w.l(iusesemip.o)
    0x08000310   0x00000002   Code   RO          523    i.BusFault_Handler  stm32f2xx_it.o
    0x08000312   0x00000002   Code   RO          524    i.DebugMon_Handler  stm32f2xx_it.o
    0x08000314   0x00000020   Code   RO          653    i.ETH_Delay         stm32f2xx_hal_eth.o
    0x08000334   0x0000002e   Code   RO          654    i.ETH_FlushTransmitFIFO  stm32f2xx_hal_eth.o
    0x08000362   0x00000002   PAD
    0x08000364   0x00000124   Code   RO          655    i.ETH_MACDMAConfig  stm32f2xx_hal_eth.o
    0x08000488   0x00000024   Code   RO         1669    i.HAL_DMA_Abort_IT  stm32f2xx_hal_dma.o
    0x080004ac   0x00000024   Code   RO          813    i.HAL_Delay         stm32f2xx_hal.o
    0x080004d0   0x00000074   Code   RO          658    i.HAL_ETH_DMARxDescListInit  stm32f2xx_hal_eth.o
    0x08000544   0x00000078   Code   RO          659    i.HAL_ETH_DMATxDescListInit  stm32f2xx_hal_eth.o
    0x080005bc   0x0000007a   Code   RO          662    i.HAL_ETH_GetReceivedFrame  stm32f2xx_hal_eth.o
    0x08000636   0x00000002   PAD
    0x08000638   0x000001d4   Code   RO          666    i.HAL_ETH_Init      stm32f2xx_hal_eth.o
    0x0800080c   0x00000100   Code   RO          442    i.HAL_ETH_MspInit   ethernetif.o
    0x0800090c   0x00000084   Code   RO          669    i.HAL_ETH_ReadPHYRegister  stm32f2xx_hal_eth.o
    0x08000990   0x00000084   Code   RO          671    i.HAL_ETH_Start     stm32f2xx_hal_eth.o
    0x08000a14   0x00000108   Code   RO          673    i.HAL_ETH_TransmitFrame  stm32f2xx_hal_eth.o
    0x08000b1c   0x00000078   Code   RO          675    i.HAL_ETH_WritePHYRegister  stm32f2xx_hal_eth.o
    0x08000b94   0x000001f8   Code   RO         1602    i.HAL_GPIO_Init     stm32f2xx_hal_gpio.o
    0x08000d8c   0x0000000a   Code   RO         1606    i.HAL_GPIO_WritePin  stm32f2xx_hal_gpio.o
    0x08000d96   0x00000002   PAD
    0x08000d98   0x0000000c   Code   RO          819    i.HAL_GetTick       stm32f2xx_hal.o
    0x08000da4   0x00000010   Code   RO          825    i.HAL_IncTick       stm32f2xx_hal.o
    0x08000db4   0x00000034   Code   RO          826    i.HAL_Init          stm32f2xx_hal.o
    0x08000de8   0x00000040   Code   RO          827    i.HAL_InitTick      stm32f2xx_hal.o
    0x08000e28   0x00000030   Code   RO          605    i.HAL_MspInit       stm32f2xx_hal_msp.o
    0x08000e58   0x0000001a   Code   RO         1129    i.HAL_NVIC_EnableIRQ  stm32f2xx_hal_cortex.o
    0x08000e72   0x00000002   PAD
    0x08000e74   0x00000040   Code   RO         1135    i.HAL_NVIC_SetPriority  stm32f2xx_hal_cortex.o
    0x08000eb4   0x00000024   Code   RO         1136    i.HAL_NVIC_SetPriorityGrouping  stm32f2xx_hal_cortex.o
    0x08000ed8   0x000000e2   Code   RO         2309    i.HAL_PCD_Init      stm32f2xx_hal_pcd.o
    0x08000fba   0x00000002   PAD
    0x08000fbc   0x00000084   Code   RO          607    i.HAL_PCD_MspInit   stm32f2xx_hal_msp.o
    0x08001040   0x0000013c   Code   RO          993    i.HAL_RCC_ClockConfig  stm32f2xx_hal_rcc.o
    0x0800117c   0x0000000c   Code   RO          998    i.HAL_RCC_GetHCLKFreq  stm32f2xx_hal_rcc.o
    0x08001188   0x00000030   Code   RO         1000    i.HAL_RCC_GetPCLK1Freq  stm32f2xx_hal_rcc.o
    0x080011b8   0x00000030   Code   RO         1001    i.HAL_RCC_GetPCLK2Freq  stm32f2xx_hal_rcc.o
    0x080011e8   0x00000060   Code   RO         1002    i.HAL_RCC_GetSysClockFreq  stm32f2xx_hal_rcc.o
    0x08001248   0x0000034c   Code   RO         1005    i.HAL_RCC_OscConfig  stm32f2xx_hal_rcc.o
    0x08001594   0x00000028   Code   RO         1140    i.HAL_SYSTICK_Config  stm32f2xx_hal_cortex.o
    0x080015bc   0x00000002   Code   RO         1941    i.HAL_UART_ErrorCallback  stm32f2xx_hal_uart.o
    0x080015be   0x00000002   PAD
    0x080015c0   0x00000114   Code   RO         1944    i.HAL_UART_IRQHandler  stm32f2xx_hal_uart.o
    0x080016d4   0x00000062   Code   RO         1945    i.HAL_UART_Init     stm32f2xx_hal_uart.o
    0x08001736   0x00000002   PAD
    0x08001738   0x0000007c   Code   RO          609    i.HAL_UART_MspInit  stm32f2xx_hal_msp.o
    0x080017b4   0x00000002   Code   RO         1951    i.HAL_UART_RxCpltCallback  stm32f2xx_hal_uart.o
    0x080017b6   0x00000002   Code   RO         1956    i.HAL_UART_TxCpltCallback  stm32f2xx_hal_uart.o
    0x080017b8   0x00000002   Code   RO          525    i.HardFault_Handler  stm32f2xx_it.o
    0x080017ba   0x00000002   PAD
    0x080017bc   0x000000ec   Code   RO          280    i.MX_GPIO_Init      main.o
    0x080018a8   0x000000d0   Code   RO          377    i.MX_LWIP_Init      lwip.o
    0x08001978   0x00000014   Code   RO          378    i.MX_LWIP_Process   lwip.o
    0x0800198c   0x00000002   Code   RO          526    i.MemManage_Handler  stm32f2xx_it.o
    0x0800198e   0x00000002   Code   RO          527    i.NMI_Handler       stm32f2xx_it.o
    0x08001990   0x00000002   Code   RO          528    i.PendSV_Handler    stm32f2xx_it.o
    0x08001992   0x00000002   Code   RO          529    i.SVC_Handler       stm32f2xx_it.o
    0x08001994   0x00000004   Code   RO          530    i.SysTick_Handler   stm32f2xx_it.o
    0x08001998   0x00000058   Code   RO          281    i.SystemClock_Config  main.o
    0x080019f0   0x00000048   Code   RO         2809    i.SystemInit        system_stm32f2xx.o
    0x08001a38   0x00000010   Code   RO         1958    i.UART_DMAAbortOnError  stm32f2xx_hal_uart.o
    0x08001a48   0x0000001c   Code   RO         1968    i.UART_EndRxTransfer  stm32f2xx_hal_uart.o
    0x08001a64   0x00000096   Code   RO         1970    i.UART_Receive_IT   stm32f2xx_hal_uart.o
    0x08001afa   0x00000002   PAD
    0x08001afc   0x00000188   Code   RO         1971    i.UART_SetConfig    stm32f2xx_hal_uart.o
    0x08001c84   0x00000062   Code   RO         1972    i.UART_Transmit_IT  stm32f2xx_hal_uart.o
    0x08001ce6   0x00000002   PAD
    0x08001ce8   0x0000000c   Code   RO          531    i.USART3_IRQHandler  stm32f2xx_it.o
    0x08001cf4   0x0000006c   Code   RO         2513    i.USB_CoreInit      stm32f2xx_ll_usb.o
    0x08001d60   0x00000038   Code   RO         2514    i.USB_CoreReset     stm32f2xx_ll_usb.o
    0x08001d98   0x00000018   Code   RO         2519    i.USB_DevDisconnect  stm32f2xx_ll_usb.o
    0x08001db0   0x0000018c   Code   RO         2520    i.USB_DevInit       stm32f2xx_ll_usb.o
    0x08001f3c   0x0000000c   Code   RO         2521    i.USB_DisableGlobalInt  stm32f2xx_ll_usb.o
    0x08001f48   0x00000020   Code   RO         2530    i.USB_FlushRxFifo   stm32f2xx_ll_usb.o
    0x08001f68   0x00000024   Code   RO         2531    i.USB_FlushTxFifo   stm32f2xx_ll_usb.o
    0x08001f8c   0x0000002e   Code   RO         2549    i.USB_SetCurrentMode  stm32f2xx_ll_usb.o
    0x08001fba   0x00000002   Code   RO          532    i.UsageFault_Handler  stm32f2xx_it.o
    0x08001fbc   0x00000020   Code   RO         5963    i.__0printf$3       mc_w.l(printf3.o)
    0x08001fdc   0x00000020   Code   RO         1142    i.__NVIC_SetPriority  stm32f2xx_hal_cortex.o
    0x08001ffc   0x0000000e   Code   RO         6179    i.__scatterload_copy  mc_w.l(handlers.o)
    0x0800200a   0x00000002   Code   RO         6180    i.__scatterload_null  mc_w.l(handlers.o)
    0x0800200c   0x0000000e   Code   RO         6181    i.__scatterload_zeroinit  mc_w.l(handlers.o)
    0x0800201a   0x00000002   PAD
    0x0800201c   0x000001b8   Code   RO         5970    i._printf_core      mc_w.l(printf3.o)
    0x080021d4   0x0000001c   Code   RO         4900    i.cyclic_timer      timeouts.o
    0x080021f0   0x0000009c   Code   RO         3920    i.do_memp_free_pool  memp.o
    0x0800228c   0x000000a4   Code   RO         3921    i.do_memp_malloc_pool  memp.o
    0x08002330   0x00000030   Code   RO         5129    i.etharp_cleanup_netif  etharp.o
    0x08002360   0x00000258   Code   RO         5131    i.etharp_find_entry  etharp.o
    0x080025b8   0x00000024   Code   RO         5132    i.etharp_free_entry  etharp.o
    0x080025dc   0x00000104   Code   RO         5134    i.etharp_input      etharp.o
    0x080026e0   0x000001ac   Code   RO         5135    i.etharp_output     etharp.o
    0x0800288c   0x00000110   Code   RO         5136    i.etharp_output_to_arp_index  etharp.o
    0x0800299c   0x000001d8   Code   RO         5137    i.etharp_query      etharp.o
    0x08002b74   0x00000170   Code   RO         5138    i.etharp_raw        etharp.o
    0x08002ce4   0x0000000c   Code   RO         5139    i.etharp_request    etharp.o
    0x08002cf0   0x00000020   Code   RO         5140    i.etharp_request_dst  etharp.o
    0x08002d10   0x00000060   Code   RO         5141    i.etharp_tmr        etharp.o
    0x08002d70   0x0000011c   Code   RO         5142    i.etharp_update_arp_entry  etharp.o
    0x08002e8c   0x000000a0   Code   RO         3284    i.ethernet_input    ethernet.o
    0x08002f2c   0x000000f8   Code   RO         3285    i.ethernet_output   ethernet.o
    0x08003024   0x00000088   Code   RO          443    i.ethernetif_init   ethernetif.o
    0x080030ac   0x00000022   Code   RO          444    i.ethernetif_input  ethernetif.o
    0x080030ce   0x00000012   Code   RO         6149    i.fputc             mc_w.l(fputc.o)
    0x080030e0   0x00000008   Code   RO         5229    i.icmp_dest_unreach  icmp.o
    0x080030e8   0x000001e4   Code   RO         5230    i.icmp_input        icmp.o
    0x080032cc   0x0000010c   Code   RO         5231    i.icmp_send_response  icmp.o
    0x080033d8   0x00000008   Code   RO         5232    i.icmp_time_exceeded  icmp.o
    0x080033e0   0x0000002e   Code   RO         5348    i.ip4_addr_isbroadcast_u32  ip4_addr.o
    0x0800340e   0x00000002   PAD
    0x08003410   0x00000254   Code   RO         5414    i.ip4_frag          ip4_frag.o
    0x08003664   0x000001a4   Code   RO         5295    i.ip4_input         ip4.o
    0x08003808   0x0000001e   Code   RO         5297    i.ip4_output_if     ip4.o
    0x08003826   0x00000002   PAD
    0x08003828   0x0000016c   Code   RO         5298    i.ip4_output_if_src  ip4.o
    0x08003994   0x000001b4   Code   RO         5415    i.ip4_reass         ip4_frag.o
    0x08003b48   0x0000005c   Code   RO         5299    i.ip4_route         ip4.o
    0x08003ba4   0x00000090   Code   RO         5416    i.ip_frag_free_pbuf_custom_ref  ip4_frag.o
    0x08003c34   0x00000260   Code   RO         5417    i.ip_reass_chain_frag_into_datagram_and_validate  ip4_frag.o
    0x08003e94   0x000000bc   Code   RO         5418    i.ip_reass_dequeue_datagram  ip4_frag.o
    0x08003f50   0x00000190   Code   RO         5419    i.ip_reass_free_complete_datagram  ip4_frag.o
    0x080040e0   0x00000080   Code   RO         5420    i.ip_reass_remove_oldest_datagram  ip4_frag.o
    0x08004160   0x0000002c   Code   RO         5421    i.ip_reass_tmr      ip4_frag.o
    0x0800418c   0x00000098   Code   RO         5422    i.ipfrag_free_pbuf_custom  ip4_frag.o
    0x08004224   0x000000f0   Code   RO          445    i.low_level_init    ethernetif.o
    0x08004314   0x000000bc   Code   RO          446    i.low_level_input   ethernetif.o
    0x080043d0   0x000000a8   Code   RO          447    i.low_level_output  ethernetif.o
    0x08004478   0x00000004   Code   RO         3598    i.lwip_htonl        def.o
    0x0800447c   0x00000004   Code   RO         3599    i.lwip_htons        def.o
    0x08004480   0x0000001e   Code   RO         3751    i.lwip_init         init.o
    0x0800449e   0x00000002   PAD
    0x080044a0   0x00000068   Code   RO          282    i.main              main.o
    0x08004508   0x0000011c   Code   RO         3854    i.mem_free          mem.o
    0x08004624   0x00000034   Code   RO         3855    i.mem_init          mem.o
    0x08004658   0x000001fc   Code   RO         3856    i.mem_malloc        mem.o
    0x08004854   0x00000184   Code   RO         3857    i.mem_trim          mem.o
    0x080049d8   0x0000009c   Code   RO         3922    i.memp_free         memp.o
    0x08004a74   0x00000020   Code   RO         3924    i.memp_init         memp.o
    0x08004a94   0x0000002a   Code   RO         3925    i.memp_init_pool    memp.o
    0x08004abe   0x00000002   PAD
    0x08004ac0   0x000000a4   Code   RO         3926    i.memp_malloc       memp.o
    0x08004b64   0x000000e0   Code   RO         4051    i.netif_add         netif.o
    0x08004c44   0x00000002   Code   RO         4053    i.netif_init        netif.o
    0x08004c46   0x0000001a   Code   RO         4055    i.netif_issue_reports  netif.o
    0x08004c60   0x00000048   Code   RO         4057    i.netif_set_addr    netif.o
    0x08004ca8   0x0000000c   Code   RO         4058    i.netif_set_default  netif.o
    0x08004cb4   0x0000001a   Code   RO         4059    i.netif_set_down    netif.o
    0x08004cce   0x00000008   Code   RO         4060    i.netif_set_gw      netif.o
    0x08004cd6   0x00000002   PAD
    0x08004cd8   0x00000040   Code   RO         4061    i.netif_set_ipaddr  netif.o
    0x08004d18   0x00000008   Code   RO         4064    i.netif_set_netmask  netif.o
    0x08004d20   0x0000001c   Code   RO         4065    i.netif_set_up      netif.o
    0x08004d3c   0x0000037c   Code   RO         4179    i.pbuf_alloc        pbuf.o
    0x080050b8   0x000000e0   Code   RO         4180    i.pbuf_alloced_custom  pbuf.o
    0x08005198   0x00000130   Code   RO         4181    i.pbuf_cat          pbuf.o
    0x080052c8   0x00000012   Code   RO         4182    i.pbuf_chain        pbuf.o
    0x080052da   0x00000012   Code   RO         4183    i.pbuf_clen         pbuf.o
    0x080052ec   0x000001ec   Code   RO         4185    i.pbuf_copy         pbuf.o
    0x080054d8   0x0000011c   Code   RO         4186    i.pbuf_copy_partial  pbuf.o
    0x080055f4   0x00000164   Code   RO         4188    i.pbuf_free         pbuf.o
    0x08005758   0x0000002c   Code   RO         4189    i.pbuf_free_ooseq   pbuf.o
    0x08005784   0x00000006   Code   RO         4191    i.pbuf_header       pbuf.o
    0x0800578a   0x00000006   Code   RO         4192    i.pbuf_header_force  pbuf.o
    0x08005790   0x00000124   Code   RO         4193    i.pbuf_header_impl  pbuf.o
    0x080058b4   0x00000198   Code   RO         4197    i.pbuf_realloc      pbuf.o
    0x08005a4c   0x0000008c   Code   RO         4198    i.pbuf_ref          pbuf.o
    0x08005ad8   0x0000017c   Code   RO         3858    i.plug_holes        mem.o
    0x08005c54   0x00000058   Code   RO         4901    i.sys_check_timeouts  timeouts.o
    0x08005cac   0x00000004   Code   RO          449    i.sys_now           ethernetif.o
    0x08005cb0   0x00000140   Code   RO         4903    i.sys_timeout       timeouts.o
    0x08005df0   0x00000034   Code   RO         4904    i.sys_timeouts_init  timeouts.o
    0x08005e24   0x00000174   Code   RO         4424    i.tcp_abandon       tcp.o
    0x08005f98   0x00000006   Code   RO         4425    i.tcp_abort         tcp.o
    0x08005f9e   0x0000000e   Code   RO         4426    i.tcp_accept        tcp.o
    0x08005fac   0x0000000e   Code   RO         4427    i.tcp_accept_null   tcp.o
    0x08005fba   0x00000002   PAD
    0x08005fbc   0x000000fc   Code   RO         4428    i.tcp_alloc         tcp.o
    0x080060b8   0x00000008   Code   RO         4429    i.tcp_arg           tcp.o
    0x080060c0   0x00000124   Code   RO         4430    i.tcp_bind          tcp.o
    0x080061e4   0x00000014   Code   RO         4431    i.tcp_close         tcp.o
    0x080061f8   0x00000188   Code   RO         4432    i.tcp_close_shutdown  tcp.o
    0x08006380   0x000000c4   Code   RO         4433    i.tcp_close_shutdown_fin  tcp.o
    0x08006444   0x00000120   Code   RO         4783    i.tcp_create_segment  tcp_out.o
    0x08006564   0x00000022   Code   RO         4436    i.tcp_eff_send_mss_impl  tcp.o
    0x08006586   0x00000002   PAD
    0x08006588   0x0000020c   Code   RO         4784    i.tcp_enqueue_flags  tcp_out.o
    0x08006794   0x000000a4   Code   RO         4437    i.tcp_err           tcp.o
    0x08006838   0x0000006c   Code   RO         4438    i.tcp_fasttmr       tcp.o
    0x080068a4   0x00000030   Code   RO         4699    i.tcp_getoptbyte    tcp_in.o
    0x080068d4   0x00000002   Code   RO         4439    i.tcp_init          tcp.o
    0x080068d6   0x00000002   PAD
    0x080068d8   0x000005d0   Code   RO         4700    i.tcp_input         tcp_in.o
    0x08006ea8   0x00000040   Code   RO         4701    i.tcp_input_delayed_close  tcp_in.o
    0x08006ee8   0x00000052   Code   RO         4785    i.tcp_keepalive     tcp_out.o
    0x08006f3a   0x00000002   PAD
    0x08006f3c   0x000000bc   Code   RO         4440    i.tcp_kill_state    tcp.o
    0x08006ff8   0x000000cc   Code   RO         4441    i.tcp_listen_closed  tcp.o
    0x080070c4   0x000000f4   Code   RO         4702    i.tcp_listen_input  tcp_in.o
    0x080071b8   0x00000006   Code   RO         4442    i.tcp_listen_with_backlog  tcp.o
    0x080071be   0x00000002   PAD
    0x080071c0   0x00000124   Code   RO         4443    i.tcp_listen_with_backlog_and_err  tcp.o
    0x080072e4   0x0000004c   Code   RO         4444    i.tcp_netif_ip_addr_changed  tcp.o
    0x08007330   0x00000022   Code   RO         4445    i.tcp_netif_ip_addr_changed_pcblist  tcp.o
    0x08007352   0x00000006   Code   RO         4446    i.tcp_new           tcp.o
    0x08007358   0x0000005c   Code   RO         4448    i.tcp_new_port      tcp.o
    0x080073b4   0x00000010   Code   RO         4449    i.tcp_next_iss      tcp.o
    0x080073c4   0x00000078   Code   RO         4703    i.tcp_oos_insert_segment  tcp_in.o
    0x0800743c   0x000002cc   Code   RO         4786    i.tcp_output        tcp_out.o
    0x08007708   0x0000010c   Code   RO         4787    i.tcp_output_alloc_header  tcp_out.o
    0x08007814   0x000000a8   Code   RO         4788    i.tcp_output_segment  tcp_out.o
    0x080078bc   0x00000074   Code   RO         4704    i.tcp_parseopt      tcp_in.o
    0x08007930   0x000000d8   Code   RO         4789    i.tcp_pbuf_prealloc  tcp_out.o
    0x08007a08   0x00000042   Code   RO         4450    i.tcp_pcb_purge     tcp.o
    0x08007a4a   0x00000002   PAD
    0x08007a4c   0x00000130   Code   RO         4451    i.tcp_pcb_remove    tcp.o
    0x08007b7c   0x0000009c   Code   RO         4452    i.tcp_poll          tcp.o
    0x08007c18   0x00000484   Code   RO         4705    i.tcp_process       tcp_in.o
    0x0800809c   0x0000006c   Code   RO         4453    i.tcp_process_refused_data  tcp.o
    0x08008108   0x00000a1e   Code   RO         4706    i.tcp_receive       tcp_in.o
    0x08008b26   0x00000002   PAD
    0x08008b28   0x000000a4   Code   RO         4454    i.tcp_recv          tcp.o
    0x08008bcc   0x00000024   Code   RO         4455    i.tcp_recv_null     tcp.o
    0x08008bf0   0x00000110   Code   RO         4456    i.tcp_recved        tcp.o
    0x08008d00   0x00000056   Code   RO         4790    i.tcp_rexmit        tcp_out.o
    0x08008d56   0x00000058   Code   RO         4791    i.tcp_rexmit_fast   tcp_out.o
    0x08008dae   0x00000032   Code   RO         4792    i.tcp_rexmit_rto    tcp_out.o
    0x08008de0   0x00000120   Code   RO         4793    i.tcp_rst           tcp_out.o
    0x08008f00   0x00000028   Code   RO         4457    i.tcp_seg_copy      tcp.o
    0x08008f28   0x0000001c   Code   RO         4458    i.tcp_seg_free      tcp.o
    0x08008f44   0x00000012   Code   RO         4459    i.tcp_segs_free     tcp.o
    0x08008f56   0x00000072   Code   RO         4794    i.tcp_send_empty_ack  tcp_out.o
    0x08008fc8   0x00000044   Code   RO         4795    i.tcp_send_fin      tcp_out.o
    0x0800900c   0x000000a0   Code   RO         4460    i.tcp_sent          tcp.o
    0x080090ac   0x00000060   Code   RO           13    i.tcp_server_accept  tcpserver.o
    0x0800910c   0x00000040   Code   RO           14    i.tcp_server_connection_close  tcpserver.o
    0x0800914c   0x0000000a   Code   RO           15    i.tcp_server_error  tcpserver.o
    0x08009156   0x00000002   PAD
    0x08009158   0x00000048   Code   RO           16    i.tcp_server_init   tcpserver.o
    0x080091a0   0x00000040   Code   RO           17    i.tcp_server_poll   tcpserver.o
    0x080091e0   0x00000108   Code   RO           18    i.tcp_server_recv   tcpserver.o
    0x080092e8   0x00000050   Code   RO           19    i.tcp_server_send   tcpserver.o
    0x08009338   0x00000038   Code   RO           20    i.tcp_server_sent   tcpserver.o
    0x08009370   0x00000004   Code   RO         4461    i.tcp_setprio       tcp.o
    0x08009374   0x000004d8   Code   RO         4463    i.tcp_slowtmr       tcp.o
    0x0800984c   0x00000034   Code   RO         4907    i.tcp_timer_needed  timeouts.o
    0x08009880   0x00000068   Code   RO         4707    i.tcp_timewait_input  tcp_in.o
    0x080098e8   0x00000020   Code   RO         4464    i.tcp_tmr           tcp.o
    0x08009908   0x00000010   Code   RO         4708    i.tcp_trigger_input_pcb_close  tcp_in.o
    0x08009918   0x000000c0   Code   RO         4466    i.tcp_update_rcv_ann_wnd  tcp.o
    0x080099d8   0x00000680   Code   RO         4796    i.tcp_write         tcp_out.o
    0x0800a058   0x00000140   Code   RO         4797    i.tcp_write_checks  tcp_out.o
    0x0800a198   0x000000b4   Code   RO         4798    i.tcp_zero_window_probe  tcp_out.o
    0x0800a24c   0x00000038   Code   RO         4908    i.tcpip_tcp_timer   timeouts.o
    0x0800a284   0x00000002   Code   RO         4983    i.udp_init          udp.o
    0x0800a286   0x00000002   PAD
    0x0800a288   0x0000019c   Code   RO         4984    i.udp_input         udp.o
    0x0800a424   0x00000034   Code   RO         4985    i.udp_netif_ip_addr_changed  udp.o
    0x0800a458   0x00000010   Data   RO         2810    .constdata          system_stm32f2xx.o
    0x0800a468   0x00000008   Data   RO         2811    .constdata          system_stm32f2xx.o
    0x0800a470   0x00000006   Data   RO         3286    .constdata          ethernet.o
    0x0800a476   0x00000006   Data   RO         3287    .constdata          ethernet.o
    0x0800a47c   0x0000000c   Data   RO         3937    .constdata          memp.o
    0x0800a488   0x0000000c   Data   RO         3938    .constdata          memp.o
    0x0800a494   0x0000000c   Data   RO         3939    .constdata          memp.o
    0x0800a4a0   0x0000000c   Data   RO         3940    .constdata          memp.o
    0x0800a4ac   0x0000000c   Data   RO         3941    .constdata          memp.o
    0x0800a4b8   0x0000000c   Data   RO         3942    .constdata          memp.o
    0x0800a4c4   0x0000000c   Data   RO         3943    .constdata          memp.o
    0x0800a4d0   0x0000000c   Data   RO         3944    .constdata          memp.o
    0x0800a4dc   0x0000000c   Data   RO         3945    .constdata          memp.o
    0x0800a4e8   0x00000024   Data   RO         3946    .constdata          memp.o
    0x0800a50c   0x00000054   Data   RO         4467    .constdata          tcp.o
    0x0800a560   0x00000018   Data   RO         4909    .constdata          timeouts.o
    0x0800a578   0x00000004   Data   RO         5355    .constdata          ip4_addr.o
    0x0800a57c   0x00000075   Data   RO         4468    .conststring        tcp.o
    0x0800a5f1   0x00000003   PAD
    0x0800a5f4   0x00000055   Data   RO         4799    .conststring        tcp_out.o
    0x0800a649   0x00000003   PAD
    0x0800a64c   0x00000041   Data   RO         5144    .conststring        etharp.o
    0x0800a68d   0x00000003   PAD
    0x0800a690   0x00000020   Data   RO         6177    Region$$Table       anon$$obj.o


    Execution Region RW_IRAM1 (Base: 0x20000000, Size: 0x00006ec0, Max: 0x00020000, ABSOLUTE)

    Base Addr    Size         Type   Attr      Idx    E Section Name        Object

    0x20000000   0x00000004   Data   RW           21    .data               tcpserver.o
    0x20000004   0x00000018   Data   RW          384    .data               lwip.o
    0x2000001c   0x0000000c   Data   RW          833    .data               stm32f2xx_hal.o
    0x20000028   0x00000004   Data   RW         2812    .data               system_stm32f2xx.o
    0x2000002c   0x0000000c   Data   RW         3860    .data               mem.o
    0x20000038   0x00000004   Data   RW         3947    .data               memp.o
    0x2000003c   0x00000004   Data   RW         3948    .data               memp.o
    0x20000040   0x00000004   Data   RW         3949    .data               memp.o
    0x20000044   0x00000004   Data   RW         3950    .data               memp.o
    0x20000048   0x00000004   Data   RW         3951    .data               memp.o
    0x2000004c   0x00000004   Data   RW         3952    .data               memp.o
    0x20000050   0x00000004   Data   RW         3953    .data               memp.o
    0x20000054   0x00000004   Data   RW         3954    .data               memp.o
    0x20000058   0x00000004   Data   RW         3955    .data               memp.o
    0x2000005c   0x0000000c   Data   RW         4066    .data               netif.o
    0x20000068   0x00000001   Data   RW         4205    .data               pbuf.o
    0x20000069   0x00000003   PAD
    0x2000006c   0x00000020   Data   RW         4469    .data               tcp.o
    0x2000008c   0x00000024   Data   RW         4710    .data               tcp_in.o
    0x200000b0   0x0000000c   Data   RW         4910    .data               timeouts.o
    0x200000bc   0x00000008   Data   RW         4994    .data               udp.o
    0x200000c4   0x00000001   Data   RW         5145    .data               etharp.o
    0x200000c5   0x00000001   PAD
    0x200000c6   0x00000002   Data   RW         5300    .data               ip4.o
    0x200000c8   0x00000008   Data   RW         5423    .data               ip4_frag.o
    0x200000d0   0x00000004   Data   RW         6151    .data               mc_w.l(stdout.o)
    0x200000d4   0x00000440   Zero   RW          283    .bss                main.o
    0x20000514   0x00000030   Zero   RW          383    .bss                lwip.o
    0x20000544   0x000030e8   Zero   RW          450    .bss                ethernetif.o
    0x2000362c   0x00000018   Zero   RW         3822    .bss                ip.o
    0x20003644   0x00000653   Zero   RW         3859    .bss                mem.o
    0x20003c97   0x00000023   Zero   RW         3928    .bss                memp.o
    0x20003cba   0x0000009b   Zero   RW         3929    .bss                memp.o
    0x20003d55   0x0000001f   Zero   RW         3930    .bss                memp.o
    0x20003d74   0x00000103   Zero   RW         3931    .bss                memp.o
    0x20003e77   0x000000a3   Zero   RW         3932    .bss                memp.o
    0x20003f1a   0x0000016b   Zero   RW         3933    .bss                memp.o
    0x20004085   0x00000033   Zero   RW         3934    .bss                memp.o
    0x200040b8   0x00000103   Zero   RW         3935    .bss                memp.o
    0x200041bb   0x00002603   Zero   RW         3936    .bss                memp.o
    0x200067be   0x00000002   PAD
    0x200067c0   0x00000010   Zero   RW         4709    .bss                tcp_in.o
    0x200067d0   0x000000f0   Zero   RW         5143    .bss                etharp.o
    0x200068c0   0x00000600   Zero   RW            1    STACK               startup_stm32f207xx.o


==============================================================================

Image component sizes


      Code (inc. data)   RO Data    RW Data    ZI Data      Debug   Object Name

         0          0          0          0          0       1620   auth.o
         8          0          0          0          0       1018   def.o
      2908       1172         65          1        240      12191   etharp.o
       408        156         12          0          0       2618   ethernet.o
      1026        140          0          0      12520       6038   ethernetif.o
       768        350          0          0          0       4222   icmp.o
        30          0          0          0          0       2436   init.o
         0          0          0          0         24       5981   ip.o
       906        180          0          2          0       4908   ip4.o
        46          0          4          0          0       6950   ip4_addr.o
      2696       1024          0          8          0      11150   ip4_frag.o
       228         22          0         24         48       1759   lwip.o
       428         30          0          0       1088       7376   main.o
      1612        802          0         12       1619       5477   mem.o
       714        498        144         36      11047       9946   memp.o
       470        132          0         12          0       9281   netif.o
      3484       1828          0          1          0      22538   pbuf.o
         0          0          0          0          0       1362   slipif.o
        36          8        388          0       1536        792   startup_stm32f207xx.o
       180         28          0         12          0       8993   stm32f2xx_hal.o
       198         14          0          0          0      30579   stm32f2xx_hal_cortex.o
        36          0          0          0          0       1175   stm32f2xx_hal_dma.o
      1844         64          0          0          0      10743   stm32f2xx_hal_eth.o
       514         48          0          0          0       2372   stm32f2xx_hal_gpio.o
       304         28          0          0          0       2171   stm32f2xx_hal_msp.o
       226          0          0          0          0       1699   stm32f2xx_hal_pcd.o
      1364         80          0          0          0       5492   stm32f2xx_hal_rcc.o
      1064         16          0          0          0       7019   stm32f2xx_hal_uart.o
        32          6          0          0          0       4126   stm32f2xx_it.o
       710         38          0          0          0       6668   stm32f2xx_ll_usb.o
        72         18         24          4          0       1115   system_stm32f2xx.o
      5608       2338        201         32          0      37024   tcp.o
      5946       1226          0         36         16      20115   tcp_in.o
      5120       1716         85          0          0      26662   tcp_out.o
       706        124          0          4          0     691439   tcpserver.o
       596        222         24         12          0       5635   timeouts.o
       466        122          0          8          0       4911   udp.o

    ----------------------------------------------------------------------
     40802      12430        988        208      28140     985601   Object Totals
         0          0         32          0          0          0   (incl. Generated)
        48          0          9          4          2          0   (incl. Padding)

    ----------------------------------------------------------------------

      Code (inc. data)   RO Data    RW Data    ZI Data      Debug   Library Member Name

         0          0          0          0          0          0   entry.o
         0          0          0          0          0          0   entry10a.o
         0          0          0          0          0          0   entry11a.o
         8          4          0          0          0          0   entry2.o
         4          0          0          0          0          0   entry5.o
         0          0          0          0          0          0   entry7b.o
         0          0          0          0          0          0   entry8b.o
         8          4          0          0          0          0   entry9a.o
        18          0          0          0          0         80   fputc.o
        30          0          0          0          0          0   handlers.o
        36          8          0          0          0         68   init.o
         0          0          0          0          0          0   iusesemip.o
        30          0          0          0          0         68   llshl.o
        32          0          0          0          0         68   llushr.o
        26          0          0          0          0         80   memcmp.o
        36          0          0          0          0         68   memcpya.o
        36          0          0          0          0        108   memseta.o
       472         14          0          0          0        184   printf3.o
         0          0          0          0          0          0   semi.o
         0          0          0          4          0          0   stdout.o
        44          0          0          0          0         80   uidiv.o
        98          0          0          0          0         92   uldiv.o

    ----------------------------------------------------------------------
       882         30          0          4          0        896   Library Totals
         4          0          0          0          0          0   (incl. Padding)

    ----------------------------------------------------------------------

      Code (inc. data)   RO Data    RW Data    ZI Data      Debug   Library Name

       878         30          0          4          0        896   mc_w.l

    ----------------------------------------------------------------------
       882         30          0          4          0        896   Library Totals

    ----------------------------------------------------------------------

==============================================================================


      Code (inc. data)   RO Data    RW Data    ZI Data      Debug   

     41684      12460        988        212      28140     974741   Grand Totals
     41684      12460        988        212      28140     974741   ELF Image Totals
     41684      12460        988        212          0          0   ROM Totals

==============================================================================

    Total RO  Size (Code + RO Data)                42672 (  41.67kB)
    Total RW  Size (RW Data + ZI Data)             28352 (  27.69kB)
    Total ROM Size (Code + RO Data + RW Data)      42884 (  41.88kB)

==============================================================================

