<html>
<body>
<pre>
<h1>µVision Build Log</h1>
<h2>Tool Versions:</h2>
IDE-Version: µVision V5.22.0.0
Copyright (C) 2016 ARM Ltd and ARM Germany GmbH. All rights reserved.
License Information: na na, na, LIC=0VRKP-MKUYA-D3XM3-ADKPQ-L02QL-43NCH
 
Tool Versions:
Toolchain:       MDK-ARM Professional  Version: 5.22
Toolchain Path:  C:\Keil_v5\ARM\ARMCC\Bin
C Compiler:      Armcc.exe V5.06 update 4 (build 422)
Assembler:       Armasm.exe V5.06 update 4 (build 422)
Linker/Locator:  ArmLink.exe V5.06 update 4 (build 422)
Library Manager: ArmAr.exe V5.06 update 4 (build 422)
Hex Converter:   FromElf.exe V5.06 update 4 (build 422)
CPU DLL:         SARMCM3.DLL V5.22
Dialog DLL:      DCM.DLL V1.13.9.0
Target DLL:      STLink\ST-LINKIII-KEIL_SWO.dll V2.0.18.0
Dialog DLL:      TCM.DLL V1.21.0.0
 
<h2>Project:</h2>
D:\Keil Projects\STM32F207ZG Ethernet Test\MDK-ARM\STM32F207ZG Ethernet Test.uvprojx
Project File Date:  07/28/2020

<h2>Output:</h2>
*** Using Compiler 'V5.06 update 4 (build 422)', folder: 'C:\Keil_v5\ARM\ARMCC\Bin'
Rebuild target 'STM32F207ZG Ethernet Test'
assembling startup_stm32f207xx.s...
compiling lwip.c...
compiling tcpserver.c...
compiling stm32f2xx_hal_msp.c...
compiling stm32f2xx_hal_eth.c...
compiling stm32f2xx_it.c...
compiling main.c...
compiling ethernetif.c...
compiling stm32f2xx_hal_flash_ex.c...
compiling stm32f2xx_hal_cortex.c...
compiling stm32f2xx_hal_rcc.c...
compiling stm32f2xx_hal.c...
compiling stm32f2xx_hal_pwr.c...
compiling stm32f2xx_hal_flash.c...
compiling stm32f2xx_hal_rcc_ex.c...
compiling stm32f2xx_hal_exti.c...
compiling stm32f2xx_hal_pwr_ex.c...
compiling stm32f2xx_hal_tim_ex.c...
compiling stm32f2xx_hal_gpio.c...
compiling stm32f2xx_hal_pcd_ex.c...
compiling stm32f2xx_hal_dma.c...
compiling stm32f2xx_hal_tim.c...
compiling stm32f2xx_hal_dma_ex.c...
compiling stm32f2xx_hal_uart.c...
compiling chap_ms.c...
compiling stm32f2xx_hal_pcd.c...
compiling system_stm32f2xx.c...
compiling stm32f2xx_ll_usb.c...
compiling auth.c...
compiling ccp.c...
compiling chap-md5.c...
compiling ipv6cp.c...
compiling chap-new.c...
compiling eap.c...
compiling demand.c...
compiling ipcp.c...
compiling eui64.c...
compiling fsm.c...
compiling lcp.c...
compiling ppp.c...
compiling pppcrypt.c...
compiling multilink.c...
compiling pppapi.c...
compiling mppe.c...
compiling magic.c...
compiling pppos.c...
compiling upap.c...
compiling pppoe.c...
compiling vj.c...
compiling pppol2tp.c...
compiling ethernet.c...
compiling slipif.c...
compiling utils.c...
compiling ecp.c...
compiling netbuf.c...
compiling api_msg.c...
compiling err.c...
compiling api_lib.c...
compiling netdb.c...
compiling lowpan6.c...
compiling netifapi.c...
compiling dns.c...
compiling tcpip.c...
compiling inet_chksum.c...
compiling init.c...
compiling def.c...
compiling sockets.c...
compiling ip.c...
compiling memp.c...
compiling mem.c...
compiling netif.c...
compiling stats.c...
compiling pbuf.c...
compiling tcp_in.c...
compiling sys.c...
compiling raw.c...
compiling tcp.c...
compiling tcp_out.c...
compiling icmp.c...
compiling dhcp.c...
compiling autoip.c...
compiling etharp.c...
compiling udp.c...
compiling timeouts.c...
compiling ip4_frag.c...
compiling dhcp6.c...
compiling ip4_addr.c...
compiling igmp.c...
compiling ip4.c...
compiling ethip6.c...
compiling icmp6.c...
compiling nd6.c...
compiling inet6.c...
compiling ip6.c...
compiling ip6_frag.c...
compiling ip6_addr.c...
compiling mld6.c...
compiling mqtt.c...
linking...
Program Size: Code=41684 RO-data=988 RW-data=212 ZI-data=28140  
FromELF: creating hex file...
"STM32F207ZG Ethernet Test\STM32F207ZG Ethernet Test.axf" - 0 Error(s), 0 Warning(s).

<h2>Software Packages used:</h2>

Package Vendor: ARM
                http://www.keil.com/pack/ARM.CMSIS.5.7.0.pack
                ARM::CMSIS:CORE:5.4.0
                CMSIS (Cortex Microcontroller Software Interface Standard)
   * Component: CORE Version: 5.4.0

<h2>Collection of Component include folders:</h2>
  D:\Keil Projects\STM32F207ZG Ethernet Test\MDK-ARM\RTE\_STM32F207ZG_Ethernet_Test
  C:\Keil_v5\ARM\PACK\ARM\CMSIS\5.7.0\CMSIS\Core\Include
  C:\Keil_v5\ARM\PACK\Keil\STM32F2xx_DFP\2.9.0\Drivers\CMSIS\Device\ST\STM32F2xx\Include

<h2>Collection of Component Files used:</h2>

   * Component: ARM::CMSIS:CORE:5.4.0
Build Time Elapsed:  00:01:47
</pre>
</body>
</html>
